# w0 evidence-durability gate: results-explorer-pr246-result-compare-evidence-remediation
date_utc=2026-05-07T22:09:00Z
git_head=8eae12907
branch=fix/pr246-result-compare-evidence

## TODO dependency/status context
Ready to work (all dependencies satisfied):
  High          results-explorer-pr246-responsive-navigation-overflow-remediation  (1 ready, 7 remaining)
  High          results-explorer-pr246-result-compare-evidence-remediation  (1 ready, 8 remaining)
  Medium-High   results-explorer-pr246-query-workbench-evidence-remediation  (1 ready, 7 remaining)
Blocked:
  High          results-explorer-pr246-final-evidence-gate  <- needs: results-explorer-pr246-responsive-navigation-overflow-remediation, results-explorer-pr246-result-compare-evidence-remediation, results-explorer-pr246-query-workbench-evidence-remediation

## Source artifact findings
audit artifact: present
12:Positive evidence: every controlled route capture completed with zero console logs in the screenshot manifest, and the valid mixed-scale Compare route correctly suppresses winner claims with a visible warning.
62:- `compare-mixed-scale-valid-1280.png`
84:### VH-3: Result Detail overweights the Run Receipt in the first analytical viewport
88:- Screenshot filename: `result-detail-duckdb-390.png`, `result-detail-duckdb-1280.png`
89:- Concrete observed evidence: the first viewport is dominated by the Run Receipt and environment metadata. Primary metrics are rendered as inline receipt text rather than a clear summary strip. `Compare this result` appears below the receipt/environment material on mobile.
90:- Why it matters: Result Detail should answer "what ran, how fast was it, and can I trust it?" before asking the user to read full receipt details. The current order makes credibility visible but delays the result interpretation and next action.
93:### VH-4: Compare overweights the Comparability Receipt before the decision summary and charts
97:- Screenshot filename: `compare-duckdb-aws-390.png`, `compare-duckdb-aws-1280.png`
98:- Concrete observed evidence: the Compare first viewport is dominated by the Comparability Receipt. Decision Summary, baseline control, result cards, and charts sit lower, with the query-level table appearing before the main chart read.
99:- Why it matters: Compare should first establish whether the comparison is valid, then immediately show the decision and magnitude. A long receipt before the decision forces users to parse metadata before they see the answer.
118:- Concrete observed evidence: the mobile nav shows `Leaderboards`, `Benchmarks`, `Platforms`, and `Compare`, while `Query` is off-canvas. The user can be on `/results/query` without the Query nav item being visible in the first viewport.
126:- Screenshot filename: `home-390.png`, `platform-duckdb-390.png`, `compare-duckdb-aws-390.png`, `query-390.png`
127:- Concrete observed evidence: Recent Results, Platform table, Compare query diff, and Query result table all require horizontal inspection. In `platform-duckdb-390.png`, the capture surface expands beyond the requested 390px width and table columns/actions are clipped. Compare and Query show only partial right-side columns in the first mobile capture.
131:### U-3: Compare selection is not discoverable until enough rows are selected
169:### DQ-3: Result Detail chart clips outside its mobile container
173:- Screenshot filename: `result-detail-duckdb-390.png`
178:### DQ-4: Compare speedup chart wastes space and weakens equal-value interpretation
182:- Screenshot filename: `compare-duckdb-aws-390.png`, `compare-duckdb-aws-1280.png`
214:### DQ-8: Mixed-scale Compare guardrails work, but the diff table still needs stronger context
218:- Screenshot filename: `compare-mixed-scale-valid-1280.png`
230:| 4 | DQ-3 | Major | Result Detail, 390px | `result-detail-duckdb-390.png`: chart extends outside mobile card | Clipped charts can hide the slowest queries or distort distribution | Recompute responsive chart bounds; add overflow checks |
231:| 5 | U-2 | Major | Home, Platform, Compare, Query, 390px | `platform-duckdb-390.png`, `compare-duckdb-aws-390.png`: clipped tables/actions | Users may miss columns and row actions | Add sticky/action columns, scroll affordances, or card fallbacks |
233:| 7 | VH-3 | Major | Result Detail, 390px/1280px | `result-detail-duckdb-390.png`: receipt dominates first viewport | Primary result interpretation and action are delayed | Lead with compact result summary and grouped actions |
234:| 8 | VH-4 | Major | Compare, 390px/1280px | `compare-duckdb-aws-1280.png`: receipt precedes decision/charts | Users parse metadata before seeing comparison outcome | Compact receipt and raise baseline, decision, and chart |
235:| 9 | DQ-4 | Medium | Compare, 390px/1280px | `compare-duckdb-aws-1280.png`: sparse speedup chart with huge whitespace | Equal-value comparison is harder to read than it should be | Tighten domain or use a clearer two-result default |
243:| 17 | DQ-8 | Low | Mixed-scale Compare, 1280px | `compare-mixed-scale-valid-1280.png`: good suppression; diff table still visible | Guardrails should stay attached to derived values | Repeat suppression context near tables/charts |
251:| VH-3 | `results-explorer-retheme-result-and-compare` w1, w2 | `results-explorer-pr246-result-compare-evidence-remediation` | Directly covers Result Detail first-viewport hierarchy and receipt placement with detail screenshots. |
252:| VH-4 | `results-explorer-retheme-result-and-compare` w1, w4, w5, w6 | `results-explorer-pr246-result-compare-evidence-remediation` | Covers Compare decision hierarchy, comparability receipt, baseline control, chart choice, and diff table retheme. |
260:| DQ-3 | `results-explorer-retheme-result-and-compare` w5, w7; `results-explorer-retheme-responsive-accessibility` w4 | `results-explorer-pr246-result-compare-evidence-remediation`; `results-explorer-pr246-responsive-navigation-overflow-remediation` | Covers chart layout, overflow, labels, and regression checks. |
261:| DQ-4 | `results-explorer-retheme-result-and-compare` w5 | `results-explorer-pr246-result-compare-evidence-remediation` | Directly covers Compare chart whitespace, domain, margins, labels, and default chart choice. |
265:| DQ-8 | `results-explorer-retheme-result-and-compare` w4, w6; `results-explorer-retheme-release-gate` w4 | `results-explorer-pr246-result-compare-evidence-remediation`; `results-explorer-pr246-final-evidence-gate` | Covers mismatch suppression, Query-Level Diff retheme, and interaction QA for Compare. |

## Baseline screenshots referenced by TODO
present result-detail-duckdb-390.png
present result-detail-duckdb-768.png
present result-detail-duckdb-1280.png
present result-detail-duckdb-1600.png
present compare-duckdb-aws-390.png
present compare-duckdb-aws-768.png
present compare-duckdb-aws-1280.png
present compare-duckdb-aws-1600.png
present compare-mixed-scale-valid-1280.png
