# Results Explorer read-model eligibility contract verification
HEAD 294c0c2edc01d057afcc13afe6894255e2b5a338

## Explorer pipeline and schema-focused tests
command: uv run -- python -m pytest tests -k 'explorer_pipeline or browser_duckdb or results_explorer' --tb=short
result: PASS
summary: 243 passed, 5 warnings in 14.80s
log: /tmp/results-explorer-read-model-pytest.log

## Timing policy
command: uv run -- python _project/scripts/timing_policy_check.py --strict
result: PASS
summary:
  Timing policy candidates: 10
  Allowlisted: 10
  Violations: 0
  Fast lane tests collected: 22059
  Fast lane policy violations: 0
log: /tmp/results-explorer-read-model-timing-policy-2.log
rerun_log: /tmp/results-explorer-read-model-timing-policy.log

## Generated snapshot
command: uv run -- benchbox explorer build --data-dir results-data --output results-explorer/public/data
result: PASS
summary: Done. Processed 525 result(s) across 57 cohort(s) -> results-explorer/public/data
log: /tmp/results-explorer-read-model-build-snapshot-2.log

## Snapshot invariants
command: uv run -- python _project/scripts/results_explorer_snapshot_invariants.py results-explorer/public/data/results.duckdb
result: PASS
summary: Results Explorer snapshot invariants passed: results-explorer/public/data/results.duckdb
log: /tmp/results-explorer-read-model-invariants-2.log
rerun_log: /tmp/results-explorer-read-model-snapshot-invariants.log

## Frontend type surface
command: cd results-explorer && npm run typecheck
result: PASS
summary: tsc --noEmit exited 0
log: /tmp/results-explorer-read-model-npm-typecheck-strict-5.log

## Frontend test surface
command: cd results-explorer && npm test
result: PASS
summary: 54 test files passed; 620 tests passed
log: /tmp/results-explorer-read-model-npm-test-6.log

## Browser helper projection smoke
command: uv run -- python - <<'PY' ... explicit Results Explorer helper SQL projection smoke
result: PASS
summary: ranking and detail helper projections execute against generated results.duckdb
log: /tmp/results-explorer-read-model-browser-helper-projection-smoke.log

## CLI contract version test
command: uv run -- python -m pytest tests/unit/cli/test_explorer_build_contract.py --tb=short
result: PASS
summary: 5 passed
log: /tmp/results-explorer-read-model-contract-test.log

## AMPLab SF0.01 power spot check
query: benchmark_rankings rows for benchmark='amplab', scale_factor=0.01, phase='power'
observed:
  - all AMPLab rows expose cohort_ranked_count=0 and cohort_ranking_exclusion_reason='no_rankable_results'
  - no-timing rows expose has_display_timing=false, valid_query_count=0, display_exclusion_reason='missing_timings'
  - DuckDB row exposes valid_query_count=1, zero_timing_count=7, comparison_exclusion_reason='insufficient_valid_queries'
  - zero timing cells expose is_valid_display_timing=false and timing_exclusion_reason='zero_timing'
