# w2 — Remove or rescope the duplicate Per-query heatmap

Branch: feat/explorer-chart-panel-header
Develop tip at start: 6c28d2b45 (PR #298 merged)

## Current state on develop tip

On Benchmark detail (results-explorer/src/pages/BenchmarkIndex.tsx):

- viewMode === "matrix" renders `<QueryHeatmap summary=... />` at line
  562 as the page-level matrix view.
- Below at line 600-610, `<ChartPanel context={{ kind: "summary",
  summary: filteredSummary, ... }} />` is rendered unconditionally
  whenever `filteredSummary` is set and viewMode !== "list".
- ChartPanel's `applicableCharts(context)` returns
  `query_heatmap` (Per-query > Heatmap subtab) for any cohort with
  query timings. So when viewMode === "matrix", the chart panel exposes
  a heatmap subtab that renders the same matrix already shown above.

## Defect vs the w0 review

- D2 (per-query heatmap duplicate): On Benchmark detail with viewMode
  === "matrix", the user can click Charts > Per-query > Heatmap and see
  the same heatmap that is already the main matrix. The Histogram
  subview is not duplicative and stays useful.

## Planned change for w2

1. Add an optional `excludeChartIds?: readonly string[]` prop to
   `ChartPanel`. When provided, filter the
   `applicableCharts(context)` result so excluded ids do not appear in
   the tablist, subtabs, or `preferredChartId` resolution.
2. On `BenchmarkIndex.tsx`, pass `excludeChartIds={viewMode === "matrix"
   ? ["query_heatmap"] : undefined}` so the duplicate is hidden only
   when the page already shows a matrix above. In ranks/list view modes
   the chart panel keeps its full set so users still have access to the
   heatmap when they switch to a non-matrix page view.
3. Histogram remains in the Per-query group; the group itself only
   disappears if both members are excluded (which does not happen
   here).

## Manual route walk

- /results/tpch/?phase=power, default viewMode=matrix: Charts panel
  shows Per-query group with both Heatmap and Histogram subtabs.
  Selecting Heatmap renders the same heatmap as the page matrix above.
- /results/tpch/?phase=power&view=ranks: matrix is replaced with the
  rank table; Per-query > Heatmap is the only place to see a heatmap.
- /results/tpch/?phase=power&view=list: ChartPanel is hidden entirely
  by the existing `viewMode !== "list"` gate.

## Verification commands

- `cd results-explorer && npm test -- --run src/components/__tests__/ChartPanel.test.tsx src/pages/__tests__/BenchmarkIndex.test.tsx`
- `cd results-explorer && npm run typecheck`
- `cd results-explorer && npm run build`
