# w6 + w7 — Compare normalized-speedup query filter and test coverage

Branch: feat/explorer-chart-panel-compare-filter
Develop tip at start: includes #303 + #304 + #305 + #307 (Compare flow merged)
                     + #309 (run-identity charts open) + #310 (provenance compaction open)

User authorized /skill:code review path instead of /ultrareview for this
session even though Compare-adjacent code is touched.

## Current state on develop tip

`NormalizedSpeedupChart.tsx` renders one row per query passed in the
`queries` prop. For benchmarks like `read_primitives` (~149 queries)
where the two compared runs only share a fraction of the queries,
the chart fills with em-dash placeholders for missing data — making
the few comparable rows hard to find.

The chart already has:
- A null-aware speedup row that draws a dash placeholder.
- A "parity" empty state for when all speedups are equal (1.0×).
- No filter for "show only fully comparable queries".

## Defects vs the w0 review

- D1 (w6): No way to focus on the comparable subset; users scroll
  past dozens of dash rows to find populated ones.

## Planned change for w6

1. Compute `fullyComparableEntries` (every non-baseline speedup is
   non-null) alongside the existing `allEntries`.
2. Default to "comparable only" view when there is at least one
   fully-comparable query and at least one partial query. Render a
   compact toggle (`data-testid="normalized-speedup-comparable-only-toggle"`)
   above the SVG with the row counts so the user can swap views.
3. When all queries are comparable (or none are), the toggle hides
   itself — there is no useful state to switch to.

## Planned change for w7

1. Add a regression test that exercises both default-hide-partials and
   toggle-to-show-all behavior against a 3-query fixture (one full
   match, one missing baseline, one missing candidate).
2. Existing tests for parity / dash placeholder / responsive viewBox
   continue to pass; the new toggle is additive, not breaking.

## Manual route walk

- /results/compare?ids=<two read_primitives runs>: chart fills with
  149 rows, mostly dashes. Hard to find the comparable subset.
- /results/compare?ids=<two tpch runs>: 22 rows, all comparable. The
  toggle would not render in this case (nothing to hide).

## Verification commands

- `cd results-explorer && npm test -- --run src/components/__tests__/NormalizedSpeedupChart.test.tsx`
- `cd results-explorer && npm run typecheck`
- `cd results-explorer && npm run build`
- Browser walks deferred to release-gate Playwright (TODO #8 w3).
