[2m[WebServer] [22m[serve-browser-tests] dist=/Users/joe/Developer/BenchBox.pool-04/results-explorer/dist
[2m[WebServer] [22m[serve-browser-tests] fixtures=/Users/joe/Developer/BenchBox.pool-04/results-explorer/test-fixtures/.generated/data
[2m[WebServer] [22m[serve-browser-tests] listening on http://127.0.0.1:4319/results/

Running 26 tests using 1 worker

  -   1 [chromium] › e2e/captures/pr246-responsive-remediation.spec.ts:107:3 › @pr246-capture responsive remediation › captures mobile and tablet responsive evidence
  -   2 [chromium] › e2e/captures/responsive-a11y-pass.spec.ts:40:3 › @retheme-capture responsive-a11y pass › captures every primary route at 4 widths
  ✓   3 [chromium] › e2e/responsive.spec.ts:28:5 › responsive explorer assertions › secondary nav exposes every Explorer route at mobile (509ms)
  ✓   4 [chromium] › e2e/responsive.spec.ts:40:5 › responsive explorer assertions › home keeps headline, cohort summary, and leaderboard rows high in the viewport at mobile (1.0s)
  ✓   5 [chromium] › e2e/responsive.spec.ts:73:5 › responsive explorer assertions › benchmark heatmap exposes overflow affordance when needed at mobile (1.0s)
  ✓   6 [chromium] › e2e/responsive.spec.ts:89:5 › responsive explorer assertions › query workbench renders summary, active filters, and rows before deep controls at mobile (1.1s)
  ✓   7 [chromium] › e2e/responsive.spec.ts:114:5 › responsive explorer assertions › compare route keeps decision summary and query evidence reachable at mobile (1.0s)
  ✓   8 [chromium] › e2e/responsive.spec.ts:28:5 › responsive explorer assertions › secondary nav exposes every Explorer route at tablet (176ms)
  ✓   9 [chromium] › e2e/responsive.spec.ts:40:5 › responsive explorer assertions › home keeps headline, cohort summary, and leaderboard rows high in the viewport at tablet (1.0s)
  ✓  10 [chromium] › e2e/responsive.spec.ts:73:5 › responsive explorer assertions › benchmark heatmap exposes overflow affordance when needed at tablet (1.0s)
  ✓  11 [chromium] › e2e/responsive.spec.ts:89:5 › responsive explorer assertions › query workbench renders summary, active filters, and rows before deep controls at tablet (1.1s)
  ✓  12 [chromium] › e2e/responsive.spec.ts:114:5 › responsive explorer assertions › compare route keeps decision summary and query evidence reachable at tablet (1.0s)
  ✓  13 [chromium] › e2e/responsive.spec.ts:28:5 › responsive explorer assertions › secondary nav exposes every Explorer route at desktop (194ms)
  ✓  14 [chromium] › e2e/responsive.spec.ts:40:5 › responsive explorer assertions › home keeps headline, cohort summary, and leaderboard rows high in the viewport at desktop (1.0s)
  ✓  15 [chromium] › e2e/responsive.spec.ts:73:5 › responsive explorer assertions › benchmark heatmap exposes overflow affordance when needed at desktop (1.0s)
  ✓  16 [chromium] › e2e/responsive.spec.ts:89:5 › responsive explorer assertions › query workbench renders summary, active filters, and rows before deep controls at desktop (1.1s)
  ✓  17 [chromium] › e2e/responsive.spec.ts:114:5 › responsive explorer assertions › compare route keeps decision summary and query evidence reachable at desktop (1.1s)
  ✓  18 [chromium] › e2e/responsive.spec.ts:28:5 › responsive explorer assertions › secondary nav exposes every Explorer route at wide (183ms)
  ✓  19 [chromium] › e2e/responsive.spec.ts:40:5 › responsive explorer assertions › home keeps headline, cohort summary, and leaderboard rows high in the viewport at wide (1.1s)
  ✓  20 [chromium] › e2e/responsive.spec.ts:73:5 › responsive explorer assertions › benchmark heatmap exposes overflow affordance when needed at wide (1.0s)
  ✓  21 [chromium] › e2e/responsive.spec.ts:89:5 › responsive explorer assertions › query workbench renders summary, active filters, and rows before deep controls at wide (1.1s)
  ✓  22 [chromium] › e2e/responsive.spec.ts:114:5 › responsive explorer assertions › compare route keeps decision summary and query evidence reachable at wide (1.1s)
  ✓  23 [chromium] › e2e/responsive.spec.ts:129:5 › responsive explorer assertions › audited routes avoid document overflow at mobile (5.5s)
  ✓  24 [chromium] › e2e/responsive.spec.ts:138:5 › responsive explorer assertions › mobile table affordances remain visible at mobile (3.8s)
  ✓  25 [chromium] › e2e/responsive.spec.ts:129:5 › responsive explorer assertions › audited routes avoid document overflow at tablet (5.5s)
  ✓  26 [chromium] › e2e/responsive.spec.ts:138:5 › responsive explorer assertions › mobile table affordances remain visible at tablet (3.8s)

  2 skipped
  24 passed (37.4s)
