# w0/w1 — Trace the linked "No run" leaderboard contradiction

**Date:** 2026-05-10
**Develop tip rebased onto:** 21376cb58 + #324 branch
**Method:** Static source analysis.

## Defect localized at MetaLeaderboard.tsx:302-355

```tsx
const rank = platform.ranks[cohort.key];
const missing = rank === undefined;
...
const result = cohort.platforms?.find(
  (row) => row.platform_id === platform.platform_id,
);
const receiptHref = result ? `/results/r/${result.result_id}#run-receipt` : null;
...
{receiptHref ? (
  <a href={receiptHref} ...>
    {renderCellValue(rank, cohort, mode)}
  </a>
) : (
  renderCellValue(rank, cohort, mode)
)}
```

`rank` and `result` come from **different sources** in the read model:

- `rank` lives at `platform.ranks[cohort.key]` (the rank aggregation
  computed for that cohort).
- `result` lives at `cohort.platforms.find(...)` (the publication list
  for that cohort).

If a run is published (so `result` exists and `receiptHref` is set) but
the rank aggregation is missing the entry (`rank === undefined`),
`renderCellValue(undefined, ...)` returns `<span>No run</span>` while
the surrounding `<a>` still wraps it. Result: a linked "No run" cell
that opens a valid result detail page. The audit reproduces this on
TPC-H Polars SF 0.1.

## Implementation plan after w0/w1

The bug is presentation-side: drop the link when no rank data exists
for the cell. Two fixes in MetaLeaderboard.tsx:

1. Render the `<a>` only when `rank` is defined; without rank the
   cell renders the plain "No run" span.
2. Add a regression test that fails when both
   `data-testid="meta-leaderboard-cell-..."` carries an `<a>` AND its
   text content equals "No run".

Per `must_preserve` we must not change Times/Ranks/Speedup semantics
or hide truly-missing rows; this change targets only the linked-while-
missing case.
