# w0 evidence for results-explorer-uat-defect-tuned-template-coverage
# date: 2026-05-07
# worktree: /Users/joe/Developer/BenchBox.pool-04

$ LOGS=~/Developer/benchmark_runs/logs/uat_tuned_followup_20260505_pool02_rerun
$ grep -rn "basic constraints (no optimized template available)" "$LOGS" | sed -E "s/.*\/([^/]+)\.log:.*/\1/" | sort -u
clickhouse-local_ai_primitives_0.01_20260505_203901
clickhouse-local_ai_primitives_0.1_20260505_203904
clickhouse-local_ai_primitives_1.0_20260505_203907
clickhouse-local_amplab_0.01_20260505_203652
clickhouse-local_amplab_0.1_20260505_203653
clickhouse-local_amplab_1.0_20260505_203656
clickhouse-local_clickbench_1.0_20260505_203631
clickhouse-local_coffeeshop_0.01_20260505_203920
clickhouse-local_coffeeshop_0.1_20260505_203923
clickhouse-local_coffeeshop_1.0_20260505_203927
clickhouse-local_h2odb_0.01_20260505_203637
clickhouse-local_h2odb_0.1_20260505_203639
clickhouse-local_h2odb_1.0_20260505_203642
clickhouse-local_joinorder_1.0_20260505_203910
clickhouse-local_metadata_primitives_1.0_20260505_203852
clickhouse-local_read_primitives_0.01_20260505_203701
clickhouse-local_read_primitives_0.1_20260505_203709
clickhouse-local_ssb_0.01_20260505_203620
clickhouse-local_ssb_0.1_20260505_203621
clickhouse-local_ssb_1.0_20260505_203624
clickhouse-local_tpcdi_0.01_20260505_203615
clickhouse-local_tpcds_0.01_20260505_202912
clickhouse-local_tpcds_0.1_20260505_202947
clickhouse-local_tpcds_1.0_20260505_203023
clickhouse-local_tpcds_obt_1.0_20260505_203425
clickhouse-local_tpch_0.01_20260505_202836
clickhouse-local_tpch_0.1_20260505_202840
clickhouse-local_tpch_1.0_20260505_202846
clickhouse-local_tpch_skew_0.01_20260505_203955
clickhouse-local_tpch_skew_0.1_20260505_203958
clickhouse-local_tpch_skew_1.0_20260505_204003
clickhouse-local_tpchavoc_0.01_20260505_203937
clickhouse-local_transaction_primitives_0.01_20260505_203857
clickhouse-local_write_primitives_0.01_20260505_203840
datafusion_ai_primitives_0.01_20260505_202702
datafusion_amplab_0.01_20260505_202639
datafusion_amplab_0.1_20260505_202641
datafusion_amplab_1.0_20260505_202643
datafusion_clickbench_1.0_20260505_202616
datafusion_coffeeshop_0.01_20260505_202706
datafusion_coffeeshop_0.1_20260505_202708
datafusion_coffeeshop_1.0_20260505_202710
datafusion_datavault_0.01_20260505_202756
datafusion_flightdata_0.01_20260505_202753
datafusion_h2odb_0.01_20260505_202623
datafusion_h2odb_0.1_20260505_202624
datafusion_h2odb_1.0_20260505_202627
datafusion_joinorder_1.0_20260505_202703
datafusion_metadata_primitives_1.0_20260505_202658
datafusion_nyctaxi_0.01_20260505_202751
datafusion_read_primitives_0.01_20260505_202648
datafusion_read_primitives_0.1_20260505_202651
datafusion_ssb_0.01_20260505_202607
datafusion_ssb_0.1_20260505_202609
datafusion_ssb_1.0_20260505_202611
datafusion_tpcdi_0.01_20260505_202605
datafusion_tpcds_0.01_20260505_202511
datafusion_tpcds_obt_1.0_20260505_202540
datafusion_tpch_0.01_20260505_202453
datafusion_tpch_0.1_20260505_202457
datafusion_tpch_1.0_20260505_202501
datafusion_tpch_skew_0.01_20260505_202731
datafusion_tpch_skew_0.1_20260505_202734
datafusion_tpch_skew_1.0_20260505_202737
datafusion_tpchavoc_0.01_20260505_202720
datafusion_transaction_primitives_0.01_20260505_202700
datafusion_tsbs_devops_0.01_20260505_202749
datafusion_vector_search_0.01_20260505_202759
datafusion_write_primitives_0.01_20260505_202656
duckdb_ai_primitives_0.01_20260505_195236
duckdb_ai_primitives_0.1_20260505_195238
duckdb_coffeeshop_0.01_20260505_195301
duckdb_coffeeshop_0.1_20260505_195304
duckdb_coffeeshop_1.0_20260505_195311
duckdb_datavault_0.01_20260505_202107
duckdb_datavault_0.1_20260505_202118
duckdb_datavault_1.0_20260505_202133
duckdb_flightdata_0.01_20260505_200916
duckdb_flightdata_0.1_20260505_200924
duckdb_flightdata_1.0_20260505_201107
duckdb_metadata_primitives_1.0_20260505_195231
duckdb_nyctaxi_0.01_20260505_195719
duckdb_nyctaxi_0.1_20260505_195804
duckdb_nyctaxi_1.0_20260505_195916
duckdb_tpcdi_0.01_20260505_194648
duckdb_tpcdi_0.1_20260505_194657
duckdb_tpcdi_1.0_20260505_194724
duckdb_tpcds_obt_1.0_20260505_194549
duckdb_tpch_skew_0.01_20260505_195417
duckdb_tpch_skew_0.1_20260505_195425
duckdb_tpch_skew_1.0_20260505_195436
duckdb_transaction_primitives_0.01_20260505_195233
duckdb_tsbs_devops_0.01_20260505_195558
duckdb_tsbs_devops_0.1_20260505_195607
duckdb_tsbs_devops_1.0_20260505_195617
duckdb_vector_search_0.01_20260505_202357
duckdb_vector_search_0.1_20260505_202400
duckdb_vector_search_1.0_20260505_202406
duckdb_write_primitives_0.01_20260505_195224
lakesail_ai_primitives_0.01_20260505_202820
lakesail_amplab_0.01_20260505_202812
lakesail_clickbench_1.0_20260505_202809
lakesail_coffeeshop_0.01_20260505_202823
lakesail_datavault_0.01_20260505_202833
lakesail_flightdata_0.01_20260505_202830
lakesail_h2odb_0.01_20260505_202810
lakesail_joinorder_1.0_20260505_202821
lakesail_metadata_primitives_1.0_20260505_202817
lakesail_nyctaxi_0.01_20260505_202829
lakesail_read_primitives_0.01_20260505_202813
lakesail_ssb_0.01_20260505_202807
lakesail_tpcdi_0.01_20260505_202806
lakesail_tpcds_0.01_20260505_202803
lakesail_tpcds_obt_1.0_20260505_202804
lakesail_tpch_0.01_20260505_202801
lakesail_tpch_skew_0.01_20260505_202826
lakesail_tpchavoc_0.01_20260505_202824
lakesail_transaction_primitives_0.01_20260505_202818
lakesail_tsbs_devops_0.01_20260505_202827
lakesail_vector_search_0.01_20260505_202834
lakesail_write_primitives_0.01_20260505_202815

$ grep -rn "Tuning: using basic constraints (no optimized template available)" "$LOGS" | wc -l
     121
