W0 surface/theme/density baseline
theme contract decision: dark global chrome + light analytical data workspace
fixture build tail:
Explorer build
  Data dir:    results-explorer/test-fixtures/source
  Output dir:  results-explorer/test-fixtures/.generated/data
  Trust label: maintainer-run
  Visibility:  public-curated

Done. Processed 4 result(s) across 2 cohort(s) →
results-explorer/test-fixtures/.generated/data
frontend build tail:
dist/assets/duckdb-eh-9ubY-jlA.wasm                        34,242.59 kB │ gzip: 7,695.33 kB
dist/assets/duckdb-mvp-BP0pRkMH.wasm                       39,362.65 kB │ gzip: 8,766.50 kB
dist/assets/index-7SB2PVq5.css                                 29.75 kB │ gzip:     6.58 kB
dist/assets/duckdb-DHa6yhW2.js                                192.31 kB │ gzip:    45.04 kB
dist/assets/index-D31tPxQ9.js                                 320.31 kB │ gzip:    85.34 kB
✓ built in 2.46s
ROUTE {"path":"/results/","viewport":{"width":1440,"height":900},"url":"/results/","h1":"BenchBox Database Leaderboards","body":{"background":"rgb(245, 246, 248)","color":"rgb(15, 23, 42)"},"header":{"background":"rgb(13, 17, 23)","color":"rgb(240, 246, 252)"},"main":{"background":"rgba(0, 0, 0, 0)","color":"rgb(15, 23, 42)"},"panel":{"background":"rgba(0, 0, 0, 0)","color":"rgb(15, 23, 42)"},"text":"BenchBox Docs Blog Results GitHub Run benchmark Leaderboards Benchmarks Platforms Compare Query BenchBox Database Leaderboards Reproducible OLAP benchmark rankings from rankable l"}
ROUTE {"path":"/results/tpch/","viewport":{"width":1440,"height":900},"url":"/results/tpch/?phase=standard","h1":"TPC-H Results","body":{"background":"rgb(245, 246, 248)","color":"rgb(15, 23, 42)"},"header":{"background":"rgb(13, 17, 23)","color":"rgb(240, 246, 252)"},"main":{"background":"rgba(0, 0, 0, 0)","color":"rgb(15, 23, 42)"},"panel":{"background":"rgba(0, 0, 0, 0)","color":"rgb(15, 23, 42)"},"text":"BenchBox Docs Blog Results GitHub Run benchmark Leaderboards Benchmarks Platforms Compare Query Results / TPC-H TPC-H Results Benchmark: AI Primitives AMPLab ClickBench CoffeeShop "}
ROUTE {"path":"/results/p/duckdb/","viewport":{"width":1440,"height":900},"url":"/results/p/duckdb/","h1":"DuckDB Results","body":{"background":"rgb(245, 246, 248)","color":"rgb(15, 23, 42)"},"header":{"background":"rgb(13, 17, 23)","color":"rgb(240, 246, 252)"},"main":{"background":"rgba(0, 0, 0, 0)","color":"rgb(15, 23, 42)"},"panel":{"background":"rgba(0, 0, 0, 0)","color":"rgb(15, 23, 42)"},"text":"BenchBox Docs Blog Results GitHub Run benchmark Leaderboards Benchmarks Platforms Compare Query Results / DuckDB DuckDB Results Platform: DataFusion DuckDB Polars Compare selected "}
ROUTE {"path":"/results/query","viewport":{"width":1440,"height":900},"url":"/results/query","h1":"Results Query Workbench","body":{"background":"rgb(245, 246, 248)","color":"rgb(15, 23, 42)"},"header":{"background":"rgb(13, 17, 23)","color":"rgb(240, 246, 252)"},"main":{"background":"rgba(0, 0, 0, 0)","color":"rgb(15, 23, 42)"},"panel":{"background":"rgba(0, 0, 0, 0)","color":"rgb(15, 23, 42)"},"text":"BenchBox Docs Blog Results GitHub Run benchmark Leaderboards Benchmarks Platforms Compare Query Results Query Workbench Query the results.duckdb snapshot in-browser with shareable"}
ROUTE {"path":"/results/compare","viewport":{"width":1440,"height":900},"url":"/results/compare","h1":"Pick runs to compare","body":{"background":"rgb(245, 246, 248)","color":"rgb(15, 23, 42)"},"header":{"background":"rgb(13, 17, 23)","color":"rgb(240, 246, 252)"},"main":{"background":"rgba(0, 0, 0, 0)","color":"rgb(15, 23, 42)"},"panel":{"background":"rgb(255, 255, 255)","color":"rgb(15, 23, 42)"},"text":"BenchBox Docs Blog Results GitHub Run benchmark Leaderboards Benchmarks Platforms Compare Query Results / Compare COMPARE Pick runs to compare Select two to four runs from the s"}
ROUTE {"path":"/results/r/tpch-duckdb-sf0.01-20260403-7fe93365","viewport":{"width":1440,"height":900},"url":"/results/r/tpch-duckdb-sf0.01-20260403-7fe93365","h1":"TPC-H - DuckDB","body":{"background":"rgb(245, 246, 248)","color":"rgb(15, 23, 42)"},"header":{"background":"rgb(13, 17, 23)","color":"rgb(240, 246, 252)"},"main":{"background":"rgba(0, 0, 0, 0)","color":"rgb(15, 23, 42)"},"panel":{"background":"rgb(255, 255, 255)","color":"rgb(15, 23, 42)"},"text":"BenchBox Docs Blog Results GitHub Run benchmark Leaderboards Benchmarks Platforms Compare Query Results / TPC-H / DuckDB TPC-H - DuckDB Maintainer passed curated TPC-H · SF 0.01 ·"}
DENSITY {"rowHeights":[],"maxRowHeight":null,"stickyHeaderTop":null,"stickyAlignmentAfterScroll":null,"receiptLinks":[],"stickyCells":[]}
THEME_MISMATCH {"reducedColorActiveClass":"rounded-md border px-3 py-1.5 text-sm transition-colors border-[var(--bb-bg-elevated)] bg-[var(--bb-bg-elevated)] text-[var(--bb-fg-primary)]"}
NARROW {"viewport":{"width":390,"height":844},"cards":0,"receiptLinks":[],"horizontalScrollHints":[]}
DENSITY_RECHECK {"rowHeights":[87,87,87],"maxRowHeight":87,"stickyAlignmentAfterScroll":0,"receiptLinks":["Receipt →","Receipt →","Receipt →","Receipt →","Receipt →","Receipt →"],"headerCells":[{"text":"","left":113,"width":48},{"text":"Platform ↕","left":161,"width":176},{"text":"Trust","left":337,"width":144},{"text":"Power Score ↓sorted descending","left":481,"width":138},{"text":"Geomean ↕","left":609,"width":128},{"text":"1 ↕","left":467,"width":112},{"text":"2 ↕","left":579,"width":112},{"text":"3 ↕","left":691,"width":112},{"text":"4 ↕","left":803,"width":112},{"text":"5 ↕","left":915,"width":112},{"text":"6 ↕","left":1027,"width":112},{"text":"7 ↕","left":1139,"width":112},{"text":"8 ↕","left":1251,"width":112},{"text":"9 ↕","left":1363,"width":112},{"text":"10 ↕","left":1475,"width":112},{"text":"11 ↕","left":1587,"width":112},{"text":"12 ↕","left":1699,"width":112},{"text":"13 ↕","left":1811,"width":112},{"text":"14 ↕","left":1923,"width":112},{"text":"15 ↕","left":2035,"width":112},{"text":"16 ↕","left":2147,"width":112},{"text":"17 ↕","left":2259,"width":112},{"text":"18 ↕","left":2371,"width":112},{"text":"19 ↕","left":2483,"width":112},{"text":"20 ↕","left":2595,"width":112},{"text":"21 ↕","left":2707,"width":112},{"text":"22 ↕","left":2819,"width":112}],"stickyCells":[{"text":"","left":113,"width":48},{"text":"Polars1.37.1","left":161,"width":176},{"text":"MaintainerpassedReceipt →","left":337,"width":144},{"text":"11,637","left":481,"width":138},{"text":"3 ms","left":609,"width":128}]}
NARROW_RECHECK {"viewport":{"width":390,"height":844},"cards":4,"receiptLinks":["Receipt →","Receipt →","Receipt →","Receipt →","Receipt →","Receipt →"]}
