# w0 evidence-durability gate: results-explorer-pr246-query-workbench-evidence-remediation
date_utc=2026-05-07T15:13:35Z
git_head=11f3fdec0
branch=fix/pr246-query-workbench-evidence

## Dependency/status context
Ready to work (all dependencies satisfied):
  Medium-High   results-explorer-pr246-query-workbench-evidence-remediation  (1 ready, 7 remaining)
Blocked:
  High          results-explorer-pr246-final-evidence-gate  <- needs: results-explorer-pr246-home-leaderboard-evidence-remediation, results-explorer-pr246-responsive-navigation-overflow-remediation, results-explorer-pr246-result-compare-evidence-remediation, results-explorer-pr246-browse-platform-evidence-remediation, results-explorer-pr246-query-workbench-evidence-remediation

## Source artifact findings
audit artifact: present
33:- `/results/star_schema/`
102:### VH-5: Query Workbench elevates configuration before the result table
107:- Concrete observed evidence: desktop layout puts `Visible Columns` above the result table in the main column. Mobile keeps results reachable but the long visible-column checkbox list dominates below the first results block and feels like schema administration rather than browsing.
108:- Why it matters: public users should be able to filter, inspect, and export results before managing schema-level column state. The current hierarchy reads as an internal debugging tool.
109:- Recommended fix: keep row count, filters, table, row limit, and export in the primary path. Move `Visible Columns` into a compact disclosure or configuration popover, and place SQL tools behind an advanced affordance.
113:### U-1: Mobile secondary navigation hides Query without a clear menu or scroll cue
118:- Concrete observed evidence: the mobile nav shows `Leaderboards`, `Benchmarks`, `Platforms`, and `Compare`, while `Query` is off-canvas. The user can be on `/results/query` without the Query nav item being visible in the first viewport.
127:- Concrete observed evidence: Recent Results, Platform table, Compare query diff, and Query result table all require horizontal inspection. In `platform-duckdb-390.png`, the capture surface expands beyond the requested 390px width and table columns/actions are clipped. Compare and Query show only partial right-side columns in the first mobile capture.
140:### U-4: Query mobile filters do not read as a predictable drawer workflow
145:- Concrete observed evidence: after the mobile filter interaction capture, the page still shows the normal query toolbar and focus is visible on `Build SQL From Filters`; no clear filter drawer is visible in the screenshot. The `Filters` row itself does not read as a strong tappable drawer entry.
187:### DQ-5: Platform trend charts are low-information for sparse data and tables mix cohorts
196:### DQ-6: Query Workbench exposes raw schema language and inconsistent formatting
201:- Concrete observed evidence: table headers and values expose raw schema terms such as `scale_factor`, `star_schema`, and `community-submission`. Numeric columns such as `geomean_ms` and power scores use schema-like labels and decimal formats that differ from the display language used on browse pages. Dates wrap awkwardly at desktop width.
202:- Why it matters: raw schema labels are fine for an internal tool but weaken public interpretation. Units and direction must be visible wherever benchmark values appear.
203:- Recommended fix: use display labels from the app's query/facet metadata, align numeric columns, show units and direction in headers, and format dates and null/missing values consistently.
208:- Route and viewport: `/results/star_schema/`, 1280px
209:- Screenshot filename: `benchmark-star-schema-1280.png`
210:- Concrete observed evidence: the route is `/results/star_schema/`, but the title and H1 show `SSB Results`. The matrix contains a single platform row with many `0 ms` query cells and no visible explanation of whether those are rounded timings, missing granularity, or true zero-duration values.
212:- Recommended fix: explicitly label Star Schema Benchmark/SSB equivalence and add formatting rules for sub-millisecond or rounded timings, such as `<1 ms`, with a footnote or legend.
231:| 5 | U-2 | Major | Home, Platform, Compare, Query, 390px | `platform-duckdb-390.png`, `compare-duckdb-aws-390.png`: clipped tables/actions | Users may miss columns and row actions | Add sticky/action columns, scroll affordances, or card fallbacks |
232:| 6 | U-1 | Major | All routes, 390px | `home-390.png`, `query-390.png`: Query nav item hidden off-canvas | Core route navigation is undiscoverable on mobile | Add mobile nav/menu or visible horizontal scroll cue |
238:| 12 | VH-5 | Medium | Query, 390px/1280px | `query-1280.png`: visible columns precede result table | Public workflow reads like internal schema tooling | Move columns/SQL into subordinate advanced controls |
240:| 14 | U-4 | Medium | Query, 390px | `query-mobile-filter-drawer-390.png`: drawer state not apparent | Mobile filtering is primary but not confidently discoverable | Explicit filter button, drawer header/footer, focus trap |
241:| 15 | DQ-6 | Medium | Query, 390px/1280px | `query-1280.png`: raw schema names and inconsistent formats | Public users need display labels, units, and direction | Use display metadata and consistent numeric/date/null formatting |
242:| 16 | DQ-7 | Medium | `/results/star_schema/`, 1280px | `benchmark-star-schema-1280.png`: SSB label and many `0 ms` cells | Naming and zero timing semantics are ambiguous | Label SSB/Star Schema equivalence and sub-ms formatting |
253:| VH-5 | `results-explorer-retheme-query-workbench` w1, w4, w6 | `results-explorer-pr246-query-workbench-evidence-remediation` | Covers public workflow definition, Visible Columns placement, and advanced SQL hierarchy. |
257:| U-4 | `results-explorer-retheme-query-workbench` w3, w7; `results-explorer-retheme-responsive-accessibility` w5 | `results-explorer-pr246-query-workbench-evidence-remediation`; `results-explorer-pr246-responsive-navigation-overflow-remediation` | Covers mobile filters, drawer/focus behavior, and keyboard paths. |
263:| DQ-6 | `results-explorer-retheme-query-workbench` w5 | `results-explorer-pr246-query-workbench-evidence-remediation` | Covers consistent formatting, units, dates, row actions, and scroll affordances for query tables. |
264:| DQ-7 | `results-explorer-retheme-browse-pages` w3, w7; `results-explorer-retheme-leaderboard-semantics` w2 | `results-explorer-pr246-browse-platform-evidence-remediation` | Covers matrix semantics, missing/failed timing display, SSB/Star Schema naming, sub-ms formatting, and visible metric labels. |
265:| DQ-8 | `results-explorer-retheme-result-and-compare` w4, w6; `results-explorer-retheme-release-gate` w4 | `results-explorer-pr246-result-compare-evidence-remediation`; `results-explorer-pr246-final-evidence-gate` | Covers mismatch suppression, Query-Level Diff retheme, and interaction QA for Compare. |

## Baseline screenshots referenced by TODO
present query-390.png
present query-768.png
present query-1280.png
present query-1600.png
present query-mobile-filter-drawer-390.png
