1:PASS | /results/ | Leaderboards home renders corpus summary, benchmark/platform/query/compare navigation
2:PASS | Benchmark Matrix | clicked Reduced color
3:PASS | Benchmark Charts | clicked Overview chart tab
4:PASS | Benchmark Charts | clicked Per-query chart tab
5:PASS | Benchmark Charts | clicked Distribution chart tab
6:PASS | Benchmark Charts | clicked Trend chart tab
7:PASS | Benchmark Charts | clicked Rank chart tab
8:PASS | Benchmark Charts | Performance chart toggle not visible for this fixture state
9:PASS | Benchmark Charts | Power chart toggle not visible for this fixture state
10:PASS | Benchmark Charts | Summary chart toggle not visible for this fixture state
11:PASS | Benchmark Charts | Sparklines chart toggle not visible for this fixture state
12:PASS | Benchmark Ranks | Ranks view selected and rendered scope/rank evidence
13:PASS | Benchmark List | List view selected and rendered sortable result rows
14:PASS | Benchmark Compare | Matrix compare checkboxes enable sticky Compare tray
15:PASS | /results/tpch/?phase=standard | Benchmark Matrix, Ranks, List, chart tabs, reduced-color toggle, and compare selection work
16:PASS | Platform | clicked Benchmark sort header
17:PASS | Platform Compare | platform result checkboxes enable compare for same benchmark/scale/phase cohort
18:PASS | /results/p/duckdb/ | Platform filters/table, disabled compare reason, and same-cohort compare selection work
19:PASS | Query Workbench | clicked All row-limit toggle
20:PASS | Query Workbench | clicked Default row-limit toggle
21:PASS | Query Workbench | visible-column disclosure opens with Trust tier checkbox
22:PASS | Query Workbench | starter SQL populates SQL textarea
23:PASS | Query Workbench | Download JSON export emits a browser download
24:PASS | Query Workbench | Download CSV export emits a browser download
25:PASS | Query Workbench Compare | visible table compare selection enables Compare link
26:PASS | /results/query | Query Workbench filters, visible columns, SQL disclosure, exports, and compare selection work
27:PASS | /results/compare | Empty Compare builder renders selectable runs and disabled recovery states
28:PASS | Compare | clicked Share URL
29:PASS | /results/compare?ids=d28345e6,ba6a8c83 | Explicit Compare IDs render comparison summary, query diff, and share affordance
30:PASS | /results/compare?ids=a8225285,ba6a8c83 | Compare warning anchors remain visible for incompatible partial coverage input
31:PASS | /results/r/tpch-duckdb-sf0.01-20260403-010ee756 | Result detail receipt, exact metric evidence, latency tables, and compare entrypoint work
33:Browser acceptance summary: 31 PASS, 0 FAIL
