results-explorer-leaderboard-scope-filter-contract w0
checked_sha: e025b80bfc01db4d78901b3241f0d5a8df8aa72a
origin_develop: e025b80bfc01db4d78901b3241f0d5a8df8aa72a
snapshot_path: results-explorer/test-fixtures/.generated/data/results.duckdb
snapshot_sha256: 7e3b3cb7795f5e3267a8eac52bb3f9a7a0056c7723699cd753ca6d4be02d0a73

## summary_counts
SQL:
SELECT
          (SELECT COUNT(*) FROM results) AS public_result_bundles,
          (SELECT COUNT(DISTINCT benchmark) FROM results) AS benchmarks_with_public_results,
          (SELECT COUNT(DISTINCT benchmark || ':' || scale_factor || ':' || COALESCE(test_type, 'power')) FROM results) AS public_result_cohorts,
          (SELECT COUNT(DISTINCT benchmark) FROM benchmark_rankings WHERE cohort_ranked_count >= 2) AS benchmarks_with_rankable_cohorts,
          (SELECT COUNT(DISTINCT cohort_key) FROM cohort_metadata WHERE platform_count >= 2) AS cross_benchmark_leaderboard_cohorts,
          (SELECT COUNT(DISTINCT platform_id) FROM results) AS platforms_with_public_results,
          (SELECT COUNT(*) FROM meta_leaderboard) AS platforms_in_ranked_meta_leaderboard,
          (SELECT COUNT(DISTINCT platform_id) FROM cohort_metadata WHERE platform_count >= 2) AS platforms_with_visible_leaderboard_evidence
OUTPUT:
public_result_bundles	benchmarks_with_public_results	public_result_cohorts	benchmarks_with_rankable_cohorts	cross_benchmark_leaderboard_cohorts	platforms_with_public_results	platforms_in_ranked_meta_leaderboard	platforms_with_visible_leaderboard_evidence
11	2	3	1	1	7	5	7

## benchmark_scope
SQL:
WITH public_benchmarks AS (
          SELECT benchmark, COUNT(*) AS result_count
          FROM results
          GROUP BY benchmark
        ),
        leaderboard_benchmarks AS (
          SELECT benchmark, COUNT(DISTINCT cohort_key) AS leaderboard_cohorts
          FROM cohort_metadata
          WHERE platform_count >= 2
          GROUP BY benchmark
        )
        SELECT
          p.benchmark,
          p.result_count,
          COALESCE(l.leaderboard_cohorts, 0) AS leaderboard_cohorts,
          CASE WHEN COALESCE(l.leaderboard_cohorts, 0) > 0 THEN 'selectable' ELSE 'public_result_not_leaderboard_eligible' END AS filter_state
        FROM public_benchmarks p
        LEFT JOIN leaderboard_benchmarks l USING (benchmark)
        ORDER BY p.benchmark
OUTPUT:
benchmark	result_count	leaderboard_cohorts	filter_state
star_schema	1	0	public_result_not_leaderboard_eligible
tpch	10	1	selectable

## platform_scope
SQL:
WITH public_platforms AS (
          SELECT platform_id, ANY_VALUE(platform) AS platform, COUNT(*) AS result_count
          FROM results
          GROUP BY platform_id
        ),
        leaderboard_evidence AS (
          SELECT platform_id, COUNT(DISTINCT cohort_key) AS visible_evidence_cohorts
          FROM cohort_metadata
          WHERE platform_count >= 2
          GROUP BY platform_id
        ),
        ranked AS (
          SELECT platform_id, n_cohorts AS ranked_cohorts
          FROM meta_leaderboard
        )
        SELECT
          p.platform_id,
          p.platform,
          p.result_count,
          COALESCE(e.visible_evidence_cohorts, 0) AS visible_evidence_cohorts,
          COALESCE(r.ranked_cohorts, 0) AS ranked_cohorts,
          CASE
            WHEN COALESCE(r.ranked_cohorts, 0) > 0 THEN 'ranked_visible'
            WHEN COALESCE(e.visible_evidence_cohorts, 0) > 0 THEN 'published_visible_unranked'
            ELSE 'public_result_outside_leaderboard_scope'
          END AS table_state
        FROM public_platforms p
        LEFT JOIN leaderboard_evidence e USING (platform_id)
        LEFT JOIN ranked r USING (platform_id)
        ORDER BY table_state, p.platform_id
OUTPUT:
platform_id	platform	result_count	visible_evidence_cohorts	ranked_cohorts	table_state
fixture-aws-sql	Fixture AWS SQL	1	1	0	published_visible_unranked
fixture-gcp-serverless	Fixture GCP Serverless	1	1	0	published_visible_unranked
datafusion	DataFusion	1	1	1	ranked_visible
datafusion-partial	DataFusion Partial	1	1	1	ranked_visible
duckdb	DuckDB	5	1	1	ranked_visible
fixture-container-sql	Fixture Container SQL	1	1	1	ranked_visible
polars	Polars	1	1	1	ranked_visible

## cohort_scope
SQL:
SELECT
          benchmark,
          scale_factor,
          phase,
          cohort_key,
          platform_count,
          cohort_ranked_count,
          cohort_ranking_exclusion_reason,
          primary_metric,
          primary_order
        FROM cohort_metadata
        WHERE platform_count >= 2
        GROUP BY ALL
        ORDER BY benchmark, scale_factor, phase
OUTPUT:
benchmark	scale_factor	phase	cohort_key	platform_count	cohort_ranked_count	cohort_ranking_exclusion_reason	primary_metric	primary_order
tpch	0.01	standard	tpch-sf0.01-standard	6	6	NULL	power_score	desc

## tuning_mode_counts
SQL:
SELECT
          CASE
            WHEN tuning_mode IS NULL THEN '<null>'
            WHEN trim(tuning_mode) = '' THEN '<empty>'
            ELSE tuning_mode
          END AS tuning_mode_state,
          COUNT(*) AS result_count,
          COUNT(DISTINCT platform_id) AS platform_count,
          COUNT(DISTINCT benchmark) AS benchmark_count
        FROM results
        GROUP BY 1
        ORDER BY tuning_mode_state
OUTPUT:
tuning_mode_state	result_count	platform_count	benchmark_count
<null>	10	7	2
tuned	1	1	1

## leaderboard_tuning_scope
SQL:
SELECT
          CASE
            WHEN r.tuning_mode IS NULL THEN '<null>'
            WHEN trim(r.tuning_mode) = '' THEN '<empty>'
            ELSE r.tuning_mode
          END AS tuning_mode_state,
          COUNT(*) AS visible_leaderboard_rows,
          COUNT(DISTINCT c.platform_id) AS visible_platforms,
          COUNT(DISTINCT c.cohort_key) AS visible_cohorts
        FROM cohort_metadata c
        JOIN results r USING (result_id)
        WHERE c.platform_count >= 2
        GROUP BY 1
        ORDER BY tuning_mode_state
OUTPUT:
tuning_mode_state	visible_leaderboard_rows	visible_platforms	visible_cohorts
<null>	8	7	1
tuned	1	1	1

Decision: PASS. The current fixture snapshot uses leaderboard scope = cohort_metadata.platform_count >= 2; filters must name the leaderboard/public-result denominator and tuning null state explicitly.
