results-explorer-leaderboard-scope-filter-contract w1

Contract:
- Public corpus denominator: distinct result rows in bench.results. Benchmark and platform browse counts use this denominator.
- Leaderboard cohort denominator: cohort_metadata rows whose cohort has platform_count >= 2. The cohort selector is scoped to this denominator, not every public benchmark.
- Leaderboard table denominator: platforms with visible evidence in the filtered leaderboard cohorts. The ranked subset is meta_leaderboard; published-but-unranked evidence may still render as Excluded/Unranked cells.
- Benchmark filter states:
  - selectable: benchmark has at least one leaderboard-scope cohort.
  - omitted-with-message: benchmark has public results but no leaderboard-scope cohort. Show count and names in scope copy rather than silently implying the selector covers the full corpus.
- Platform count states:
  - ranked visible: platform has a rank in at least one visible cohort.
  - published visible unranked: platform has visible cohort evidence but no rank.
  - public corpus only: platform has public results outside the current leaderboard cohort scope.
- Tuning states:
  - all labelled and unlabelled rows: default state; never label as only "All tuning".
  - labelled: concrete tuning_mode value.
  - not labelled: tuning_mode is NULL/empty and flows through the existing "untuned" facet sentinel.

Required UI copy:
- The leaderboard filter band must name the public-result benchmark/platform counts and the leaderboard-scope cohort/platform counts.
- The benchmark filter must explain omitted public benchmarks when any exist.
- The platform table count must say "leaderboard-scope platforms" or equivalent, not just "platforms".
- Tuning controls must show "All tuning labels" and a selectable/explained "Not labelled" state when unlabelled rows exist.

Decision: PASS. Implement scope copy and tuning labels before code review; do not broaden leaderboard eligibility.
