# w1 evidence for results-explorer-uat-defect-pool02-artifact-cleanup
# date: 2026-05-07
# worktree: /Users/joe/Developer/BenchBox.pool-07
# NOTE: mirror verification only; no destructive cleanup performed.

$ pool_count=$(find /Users/joe/Developer/BenchBox.pool-02/benchmark_runs/results -maxdepth 1 -type f -name "*.json" | wc -l); shared_count=$(find ~/Developer/benchmark_runs/results -maxdepth 1 -type f -name "*.json" | wc -l); echo "pool_jsons=$pool_count shared_jsons=$shared_count"
pool_jsons=       6 shared_jsons=    2628

$ comm -23 <(find pool results names) <(find shared result names)
tpch_sf001_duckdb_data_20260506_100843_2b692202.json
tpch_sf001_duckdb_data_20260506_100843_5737d821.json
tpch_sf001_duckdb_data_20260506_101249_0d213ed9.json
tpch_sf001_duckdb_data_20260506_101249_eb41fc41.json
tpch_sf001_duckdb_data_20260506_102115_704cc59c.json
tpch_sf001_duckdb_data_20260506_102115_fca03336.json

$ missing=$(comm -23 ...); copy missing pool result JSONs to shared root
copied tpch_sf001_duckdb_data_20260506_100843_2b692202.json
copied tpch_sf001_duckdb_data_20260506_100843_5737d821.json
copied tpch_sf001_duckdb_data_20260506_101249_0d213ed9.json
copied tpch_sf001_duckdb_data_20260506_101249_eb41fc41.json
copied tpch_sf001_duckdb_data_20260506_102115_704cc59c.json
copied tpch_sf001_duckdb_data_20260506_102115_fca03336.json

$ comm -23 <(find pool results names) <(find shared result names)
