# w3 evidence for results-explorer-uat-defect-pool02-artifact-cleanup
# date: 2026-05-07
# worktree: /Users/joe/Developer/BenchBox.pool-07
# NOTE: pool02 datagen/databases removed; results preserved.

$ df -h /Users/joe/Developer/BenchBox.pool-02
Filesystem      Size    Used   Avail Capacity iused ifree %iused  Mounted on
/dev/disk3s5   228Gi   173Gi    26Gi    87%    2.3M  277M    1%   /System/Volumes/Data

$ make worktree-pool-status
pool     | path                                                       | branch                       | state    | claim_age     | venv    | size
pool-01  | ../BenchBox.pool-01                                        | fix/results-explorer-disk-budget-resume-plan | dirty    | 74 minutes ago | ok      | 2.4G
pool-02  | ../BenchBox.pool-02                                        | docs/results-explorer-hierarchy-usability-data-audit | claimed  | 52 minutes ago | ok      | 2.4G
pool-03  | ../BenchBox.pool-03                                        | fix/results-explorer-smoke-current-cli | stale    | 43 minutes ago | ok      | 5.4G
pool-04  | ../BenchBox.pool-04                                        | fix/results-explorer-tuned-template-coverage | stale    | 33 minutes ago | ok      | 2.5G
pool-05  | ../BenchBox.pool-05                                        | fix/results-explorer-local-platform-bring-up | stale    | 21 minutes ago | ok      | 2.4G
pool-06  | ../BenchBox.pool-06                                        | fix/results-explorer-submit-partial-success-refusals | stale    | 53 minutes ago | ok      | 2.5G
pool-07  | ../BenchBox.pool-07                                        | chore/results-explorer-pool02-artifact-cleanup | dirty    | 17 minutes ago | ok      | 2.4G
pool-08  | ../BenchBox.pool-08                                        | fix/results-explorer-schema-cost-regression | claimed  | 6 minutes ago | ok      | 2.5G
pool-09  | ../BenchBox.pool-09                                        | chore/worktree-pool-reset-scrub-ignored | claimed  | 8 minutes ago | ok      | 2.4G
pool-10  | ../BenchBox.pool-10                                        | (detached)                   | free     | -             | missing | 2.5G

$ test ! -d /Users/joe/Developer/BenchBox.pool-02/benchmark_runs/datagen && echo OK datagen gone
OK datagen gone
$ test ! -d /Users/joe/Developer/BenchBox.pool-02/benchmark_runs/databases && echo OK databases gone
OK databases gone
$ ls /Users/joe/Developer/BenchBox.pool-02/benchmark_runs/results | wc -l
       6
$ ls ~/Developer/benchmark_runs/results | wc -l
    2634
