======================================================================
w0: re-validate issue #289 empty-query claim
======================================================================

Generating synthetic data at sf=0.01 into /var/folders/ts/dn1s8xqd0qx9pk6c12dx0x140000gn/T/w0_joinorder_sf001_vw0gp9ce ...
  generated 21 files

Loading tables into DuckDB (in-memory) ...
  loaded 21/21 tables

Running 13 embedded JOB queries; checking for empty result ...
  (each query is SELECT MIN(..) ...; an all-NULL row means zero underlying rows matched the WHERE/JOIN predicates)

  qid    verdict
  ------ ------------------------
  1a     all-NULL
  1b     all-NULL
  2a     1 non-NULL/1
  3a     1 non-NULL/1
  4a     2 non-NULL/2
  5a     all-NULL
  6a     all-NULL
  7a     all-NULL
  8a     all-NULL
  9a     all-NULL
  10a    all-NULL
  11a    all-NULL
  12a    all-NULL

Empty queries:    10/13
Non-empty:        3/13
Threshold:        >= 8/13 empty
VERDICT: PASS — defect signature reproduced (10 empties)
