Results Explorer leaderboard rank evidence w0
git_sha: d699aaf2a4d7b23b98fc49036e1555d7df310bee
snapshot_path: /Users/joe/Developer/BenchBox.leaderboard-rank-evidence/results-explorer/test-fixtures/.generated/data/results.duckdb
snapshot_sha256: 91094c22b6ec69afd464460a9519ac947b28d058558cbefe4aa20dca3e9d83d2
note: public snapshot was absent in this ad-hoc worktree; generated deterministic browser fixture snapshot was used for evidence capture.

-- state_counts
WITH leaderboard_cohorts AS (
            SELECT DISTINCT cohort_key
            FROM cohort_metadata
            WHERE platform_count >= 2
        ),
        leaderboard_platforms AS (
            SELECT platform_id
            FROM meta_leaderboard
        ),
        existing AS (
            SELECT DISTINCT cohort_key, platform_id
            FROM cohort_metadata
            WHERE cohort_key IN (SELECT cohort_key FROM leaderboard_cohorts)
        ),
        true_missing AS (
            SELECT c.cohort_key, p.platform_id
            FROM leaderboard_cohorts c
            CROSS JOIN leaderboard_platforms p
            LEFT JOIN existing e USING (cohort_key, platform_id)
            WHERE e.platform_id IS NULL
        ),
        published_unranked AS (
            SELECT cohort_key, platform_id, result_id, metric_value, ranking_exclusion_reason, cohort_ranking_exclusion_reason
            FROM cohort_metadata
            WHERE platform_count >= 2 AND rank IS NULL
        ),
        ranked AS (
            SELECT cohort_key, platform_id, result_id, rank
            FROM cohort_metadata
            WHERE platform_count >= 2 AND rank IS NOT NULL
        )
        SELECT 'true_missing' AS state, COUNT(*) AS rows FROM true_missing
        UNION ALL
        SELECT 'published_unranked_metric', COUNT(*) FROM published_unranked WHERE metric_value IS NOT NULL
        UNION ALL
        SELECT 'published_unranked_no_metric', COUNT(*) FROM published_unranked WHERE metric_value IS NULL
        UNION ALL
        SELECT 'ranked', COUNT(*) FROM ranked
        ORDER BY state
rows: 4
state	rows
published_unranked_metric	3
published_unranked_no_metric	0
ranked	6
true_missing	0

-- unranked_reason_counts
SELECT
            COALESCE(ranking_exclusion_reason, cohort_ranking_exclusion_reason, 'missing_reason') AS reason,
            COUNT(*) AS rows
        FROM cohort_metadata
        WHERE platform_count >= 2 AND rank IS NULL
        GROUP BY 1
        ORDER BY rows DESC, reason
rows: 1
reason	rows
trust_not_rankable	3

-- sample_published_unranked_with_badge_sources
SELECT
            cm.cohort_key,
            cm.platform_id,
            cm.result_id,
            cm.rank,
            cm.metric_value,
            cm.ranking_exclusion_reason,
            cm.cohort_ranking_exclusion_reason,
            cm.trust_label,
            r.validation_status
        FROM cohort_metadata cm
        JOIN results r USING (result_id)
        WHERE cm.platform_count >= 2
          AND cm.rank IS NULL
        ORDER BY cm.cohort_key, cm.platform_id, cm.result_id
        LIMIT 20
rows: 3
cohort_key	platform_id	result_id	rank	metric_value	ranking_exclusion_reason	cohort_ranking_exclusion_reason	trust_label	validation_status
tpch-sf0.01-standard	duckdb	tpch-duckdb-sf0.01-20260403-b6d2e142		3184.897098661065	trust_not_rankable		community-submission	passed
tpch-sf0.01-standard	fixture-aws-sql	tpch-fixture-aws-sql-sf0.01-20260403-e73da6ce		3184.897098661065	trust_not_rankable		community-submission	passed
tpch-sf0.01-standard	fixture-gcp-serverless	tpch-fixture-gcp-serverless-sf0.01-20260403-fb7f77e8		3184.897098661065	trust_not_rankable		community-submission	passed

-- sample_ranked_cells
SELECT cohort_key, platform_id, result_id, rank, metric_value, speedup_vs_best
        FROM cohort_metadata
        WHERE platform_count >= 2 AND rank IS NOT NULL
        ORDER BY cohort_key, rank, platform_id, result_id
        LIMIT 20
rows: 6
cohort_key	platform_id	result_id	rank	metric_value	speedup_vs_best
tpch-sf0.01-standard	polars	tpch-polars-sf0.01-20260403-a62d0d72	1	11636.652993864305	1.0
tpch-sf0.01-standard	duckdb	tpch-duckdb-sf0.01-20260403-010ee756	2	3184.897098661065	0.2736952885284433
tpch-sf0.01-standard	duckdb	tpch-duckdb-sf0.01-20260403-a5eff54e	2	3184.897098661065	0.2736952885284433
tpch-sf0.01-standard	fixture-container-sql	tpch-fixture-container-sql-sf0.01-20260403-06c0f5d9	2	3184.897098661065	0.2736952885284433
tpch-sf0.01-standard	datafusion	tpch-datafusion-sf0.01-20260403-a6bb8a70	5	2599.157065053117	0.2233595060730592
tpch-sf0.01-standard	datafusion-partial	tpch-datafusion-partial-sf0.01-20260403-e8b109d3	5	2599.157065053117	0.2233595060730592

-- true_missing_sample
WITH leaderboard_cohorts AS (
            SELECT DISTINCT cohort_key
            FROM cohort_metadata
            WHERE platform_count >= 2
        ),
        leaderboard_platforms AS (
            SELECT platform_id
            FROM meta_leaderboard
        ),
        existing AS (
            SELECT DISTINCT cohort_key, platform_id
            FROM cohort_metadata
            WHERE cohort_key IN (SELECT cohort_key FROM leaderboard_cohorts)
        )
        SELECT c.cohort_key, p.platform_id
        FROM leaderboard_cohorts c
        CROSS JOIN leaderboard_platforms p
        LEFT JOIN existing e USING (cohort_key, platform_id)
        WHERE e.platform_id IS NULL
        ORDER BY c.cohort_key, p.platform_id
        LIMIT 20
rows: 0
cohort_key	platform_id

-- rank_chart_all_unrankable_cohorts
SELECT benchmark, scale_factor, phase, COUNT(*) AS rows, MAX(cohort_ranking_exclusion_reason) AS cohort_reason
        FROM benchmark_rankings
        GROUP BY benchmark, scale_factor, phase
        HAVING SUM(CASE WHEN rank IS NOT NULL THEN 1 ELSE 0 END) = 0
        ORDER BY benchmark, scale_factor, phase
rows: 0
benchmark	scale_factor	phase	rows	cohort_reason
