# PR 2 — `results-explorer-query-workbench-controls-and-facets` w0 audit

Date: 2026-05-08
Worktree base: feat/explorer-query-workbench-facets on develop tip 24b8aaef2
Dep status: `query-test-configure-visible-columns-failures` — DONE via PR #277
            (test option-b alignment for the maintainer-run case; affordance
             also restored, so develop tip already has all 4 Query.test.tsx
             cases green).

## Per-work-unit verdicts

w1 "Coordinate with the existing visible-column test repair TODO":
   Already-fixed. PR #277 closed the dep TODO and stabilized
   Query.test.tsx visibility-column assertions. No action required;
   work unit will be marked done with `todo_cli done ... w1`.

w2 "Move Visible Columns into a compact 'Configure columns' disclosure
   near the results toolbar":
   Confirmed (partial). PR #277 already converted the block to a
   `<details>` with summary "Configure visible columns". Remaining
   work: `Query.tsx` l.697 still has `lg:order-1` placing the
   disclosure ABOVE the result count + table on desktop. The TODO's
   intent is "table and result count visible sooner on desktop" — so
   the disclosure needs to drop below the results panel on desktop.
   Will change `lg:order-1` to a higher order so the result panel
   stays first.

w3 "Add Reset to default, Select all, Clear optional columns actions":
   Confirmed. The disclosure body (Query.tsx l.700-737) has only the
   per-column checkbox list. No Reset/Select all/Clear controls.

w4 "Make left-rail facet groups collapsible and searchable":
   Confirmed (deferred). FacetRail.tsx renders all options eagerly;
   long benchmark facets push Platform/Scale below the fold. This is
   genuine medium UI work (collapse/expand state, search box, "Show
   all" treatment). DEFER to follow-up PR — not landing in this one to
   keep the diff focused on the test-stable controls/facets/labels axes.

w5 "Disambiguate duplicate SSB benchmark labels":
   Confirmed. `utils.ts` BENCHMARK_LABELS maps both `star_schema` and
   `ssb` to the literal "SSB", so any benchmark facet list rendering
   both slugs shows two identical "SSB" choices. Pick a canonical
   primary (`star_schema`) and qualify the alias slug.

w6 "Centralize public formatting for raw enum labels":
   Confirmed. No `lib/displayLabels.ts` exists yet. Raw enum strings
   that need humanization include trust_label (maintainer-run /
   community-submission), validation_status, visibility (public-curated),
   cost_status (not_applicable / not_applicable_local). PR 0's bisect
   log identified this as the natural landing place for the
   trust_label "maintainer run" formatting (left to PR 2 by PR #277's
   option-b). Create displayLabels.ts with: formatTrustLabel,
   formatValidationStatus, formatVisibility, formatCostStatus, and a
   generic `formatEnumLabel(raw)` fallback. Apply where Query rows /
   facets / receipts currently surface the raw value.

w7 "Cover Query controls, facets, and label formatting":
   Confirmed. New tests for w3 (bulk actions), w5 (no two
   indistinguishable SSB labels), w6 (each formatter). w2 placement
   verified by existing Query.test.tsx ordering test.

## Delivery scope for this PR

In:
  - w1 (already-fixed; mark done)
  - w2 (move Configure columns disclosure below results panel on lg)
  - w3 (Reset/Select all/Clear visible-column actions)
  - w5 (SSB disambiguation in BENCHMARK_LABELS)
  - w6 (lib/displayLabels.ts + apply to current call sites)
  - w7 (tests for w3, w5, w6)

Deferred to follow-up TODO/PR:
  - w4 (collapsible/searchable facet groups). Will be raised as a
    separate planning TODO since it's a self-contained UI redesign,
    not a sub-fix of these controls.
