## manifest provenance and row counts
[provenance]
source_doi = "10.7910/DVN/2QYZBT"
retrieval_timestamp = "2026-05-11T14:20:25Z"
pg_dump_sha256 = "1390a764ee76d03d80fd6743ec7a6e5f22493411967582e4f1ecc2e282c1a59c"
postgres_image = "postgres:16.2"
duckdb_version = "1.3.2"
gregrahn_commit = "a39603662e023e449cb2121997a5034df9e02ebf"
script_git_sha = "294c0c2edc01d057afcc13afe6894255e2b5a338"

row_count_sum=74190187
aka_name row_count=901343 sha256=9c8eb3bde47221e35b94ed4f08ddbf73daa014820844bfa87dd95800088ed612
aka_title row_count=361472 sha256=ceab75312525f6b70c62a6e807a2e042d330123d7fe7b265c56d40c8a7e2be77
cast_info row_count=36244344 sha256=078034cb5caeefba342b0ab53128c8785da0338bfe9581e621b8b070f8cd66b1
char_name row_count=3140339 sha256=5b7c01d75ddf991c797fdea2dcb62576d53d0c0234aa40023fd60f7e21db078c
comp_cast_type row_count=4 sha256=f78755ff054ef0d5e3e00d245c7f3d9335c2d031eccbef0428c414c91058e6af
company_name row_count=234997 sha256=ce0b224e2aafc1992efdd93761d7be20c71ae8f630c30e3a6006d4f6192ab65d
company_type row_count=4 sha256=bba80a9acac32fe57344fbea5904a0d6a23a977c00b1916a83a5be94594c1fe8
complete_cast row_count=135086 sha256=6c660c5665348174d9226ad6dfd118728c2352ba68a1c4d45c93de945f7bccc5
info_type row_count=113 sha256=e83fa2db221564ffb3487c16614200899a042a9e66792326a74179523cefc907
keyword row_count=134170 sha256=8161d016619e8d46a2077b89ad586e8cb4955ba54d76b516c0b4e3aa2d1c7edf
kind_type row_count=7 sha256=dd9d886414b4ee83b0b015e06a440f868a05bb0d590d64cc7bfaadec1021bde9
link_type row_count=18 sha256=205d37c045011d4fc20cf566d787e7b9655ecdad7bb0d0e19befb9d32f0036b8
movie_companies row_count=2609129 sha256=e51cbba3e3e499aadfe9f970fee4dba60697b4f088605180d1a9b611d4a20a15
movie_info row_count=14835720 sha256=112d93782b32b708324c60d326011cd547a2eed2734fc606c95db3a42c23c44c
movie_info_idx row_count=1380035 sha256=52458eba771af35067459e79988ad91d639b5dcb535e116854de214aa06ee159
movie_keyword row_count=4523930 sha256=17e628c6a2214d265ed0ea67c2462034a198a0b91c42356ce94a04e44f7b7a64
movie_link row_count=29997 sha256=71208862a69db18e79bf414a9f2787dbf640a4a3558db165ca536c57eb746991
name row_count=4167491 sha256=9df01408abd3238a512c894b871e85eee4c9b3e369a71ea217309e0cd972c535
person_info row_count=2963664 sha256=f0b7a011264aad1ed03e021e7ddf8462eca3c9129f09658e2b07f30dba62d6b5
role_type row_count=12 sha256=7f6a2148a3e34787dfe1c6f71f68e9d1cd0e3fb165e497bdf9a7c64e21d771ce
title row_count=2528312 sha256=a0510d815b83acb29e61aacead72c0c5777b3169f49bab982184c8dbbc3be48f

## joinorder and build-script unit tests
[benchbox] Capped pytest-xdist workers from auto to 5 (set BENCHBOX_MAX_XDIST_WORKERS to override).
bringing up nodes...
bringing up nodes...

........................................................................ [ 28%]
........................................................................ [ 57%]
........................................................................ [ 85%]
....................................                                     [100%]
252 passed in 3.82s

## oracle log dirs
total 32
drwxr-xr-x@    5 joe  staff    160 May 11 21:19 .
drwxr-xr-x@ 1066 joe  staff  34112 May 11 21:07 ..
-rw-r--r--@    1 joe  staff     80 May 11 21:19 cleanup.log
-rw-r--r--@    1 joe  staff   5808 May 11 21:11 restore-postgres.log
-rw-r--r--@    1 joe  staff    519 May 11 21:19 verify-reference-results.log
