## baseline

worktree: /Users/joe/Developer/BenchBox.pool-01
branch: fix/joinorder-accessibility-comparability
head: aa580f1f4
origin/develop: aa580f1f4

## registry scale contract

command:
uv run -- python -c "from benchbox.core.benchmark_registry import BENCHMARK_METADATA as m; import json; print(json.dumps({k: m['joinorder'][k] for k in ('default_scale','scale_options','min_scale','num_queries','surface')}))"

output:
{"default_scale": 1.0, "scale_options": [1.0], "min_scale": 1.0, "num_queries": 113, "surface": "public"}

## dataframe coverage contract

command:
uv run -- python -c "from benchbox.core.joinorder.dataframe_queries import get_dataframe_queries, get_untranslated_dataframe_query_ids; r=get_dataframe_queries(); print('registered', len(list(r.get_query_ids()))); print('untranslated', len(get_untranslated_dataframe_query_ids()))"

output:
registered 113
untranslated 100

## related explorer PR merge state

command:
gh pr view 361 --json number,state,mergedAt,title,url

output:
{"mergedAt":"2026-05-12T00:24:46Z","number":361,"state":"MERGED","title":"fix(explorer): explain disabled compare states","url":"https://github.com/joeharris76/BenchBox/pull/361"}

command:
gh pr view 363 --json number,state,mergedAt,title,url

output:
{"mergedAt":"2026-05-12T00:20:03Z","number":363,"state":"MERGED","title":"fix(explorer): separate unranked leaderboard evidence","url":"https://github.com/joeharris76/BenchBox/pull/363"}

command:
gh pr view 367 --json number,state,mergedAt,title,url

output:
{"mergedAt":"2026-05-12T01:41:22Z","number":367,"state":"MERGED","title":"fix(explorer): clarify leaderboard scope filters","url":"https://github.com/joeharris76/BenchBox/pull/367"}

command:
gh pr view 370 --json number,state,mergedAt,title,url

output:
{"mergedAt":"2026-05-12T03:53:50Z","number":370,"state":"MERGED","title":"fix(explorer): centralize metric formatting","url":"https://github.com/joeharris76/BenchBox/pull/370"}
