## Phase 2 DataFrame Partiality Verification

Date: 2026-05-12

Method: constructed the same query-result shape produced by DataFrame mode for
canonical `joinorder`: 13 measurement successes, 100 metadata SKIPPED rows from
`get_dataframe_skip_queries()`, and one `DF_SKIP_SUMMARY` row with
`dataframe_skip_summary`.

## Pre-Fix Finding

Before this change, `build_result_payload()` dropped `dataframe_skip_summary`
from the schema-v2 `queries[]` row. The explorer transformer therefore inferred
the logical denominator from `summary.queries.total == 13`.

Observed output:

```json
{
  "entry_comparison_exclusion_reason": null,
  "entry_logical_query_count": 13,
  "entry_missing_query_count": 0,
  "entry_query_count": 13,
  "entry_ranking_exclusion_reason": "failed_queries",
  "entry_valid_query_count": 13,
  "schema_has_dataframe_skip_summary": false,
  "schema_query_rows": 114,
  "summary_queries": {
    "failed": 0,
    "passed": 13,
    "total": 13
  }
}
```

Verdict: gap found. A 13-of-113 JoinOrder DataFrame run looked comparable in
the explorer comparison contract because the logical denominator was 13, not
113. The ranking exclusion happened only because metadata `SKIPPED` rows were
misclassified as failed query rows, not because partial coverage was understood.

## Post-Fix Verification

After the fix:

- schema-v2 result export preserves `dataframe_skip_summary` on the
  `DF_SKIP_SUMMARY` row;
- explorer transformation uses `executed_total + skipped_total` as the logical
  denominator when a DataFrame skip summary is present;
- metadata/summary rows no longer count as failed queries;
- ranking exclusion reuses the existing `comparison_exclusion_reason`.

Observed output:

```json
{
  "entry_comparison_exclusion_reason": "insufficient_query_coverage",
  "entry_failed_query_count": 0,
  "entry_logical_query_count": 113,
  "entry_missing_query_count": 100,
  "entry_query_count": 13,
  "entry_ranking_exclusion_reason": "insufficient_query_coverage",
  "entry_valid_query_count": 13,
  "schema_has_dataframe_skip_summary": true,
  "schema_query_rows": 114,
  "summary_queries": {
    "failed": 0,
    "passed": 13,
    "total": 13
  }
}
```

Verdict: partiality is surfaced end-to-end through the existing explorer
coverage/comparability machinery. No joinorder-specific marker was added.
