$ uv run -- benchbox explorer build --help
Usage: benchbox explorer build [OPTIONS]

  Build the results explorer static dataset from schema-v2 bundles.

  Scans DATA_DIR/bundles/ for result JSON files, transforms them into the
  explorer read model, and writes the output to OUTPUT_DIR:

  - results.duckdb          DuckDB-WASM queryable snapshot
  - bundles/{id}.json       copied source bundles for download/audit links

  Examples:

    benchbox explorer build \
      --data-dir results-data/ \
      --output results-explorer/public/data/

    benchbox explorer build \
      --data-dir results-data/ \
      --output results-explorer/public/data/ \
      --trust-label community-submission \
      --visibility public-self-reported

Options:
  --data-dir DIRECTORY  Root data directory containing bundles/ sub-directory.
                        [required]
  --output DIRECTORY    Output directory for results.duckdb and copied
                        bundles.  [required]
  --trust-label TEXT    Trust label to attach to every result entry.
                        [default: maintainer-run]
  --visibility TEXT     Visibility label to attach to every result entry.
                        [default: public-curated]
  --help                Show this message and exit.
$ node results-explorer/scripts/serve-browser-tests.mjs --help 2>&1 || true
node:internal/util/parse_args/parse_args:102
      throw new ERR_PARSE_ARGS_UNKNOWN_OPTION(
            ^

TypeError [ERR_PARSE_ARGS_UNKNOWN_OPTION]: Unknown option '--help'
    at checkOptionUsage (node:internal/util/parse_args/parse_args:102:13)
    at node:internal/util/parse_args/parse_args:377:9
    at Array.forEach (<anonymous>)
    at parseArgs (node:internal/util/parse_args/parse_args:374:3)
    at file:///Users/joe/Developer/BenchBox.pool-03/results-explorer/scripts/serve-browser-tests.mjs:22:20
    at ModuleJob.run (node:internal/modules/esm/module_job:437:25)
    at async onImport.tracePromise.__proto__ (node:internal/modules/esm/loader:639:26)
    at async asyncRunEntryPointWithESMLoader (node:internal/modules/run_main:101:5) {
  code: 'ERR_PARSE_ARGS_UNKNOWN_OPTION'
}

Node.js v25.9.0
$ grep -n -- '--bundles-dir\|--data-dir\|--browsers\|--dist-dir\|--fixture-dir' tests/uat/phases/explorer_smoke.py results-explorer/scripts/serve-browser-tests.mjs
tests/uat/phases/explorer_smoke.py:95:        "--data-dir",
tests/uat/phases/explorer_smoke.py:104:        "--data-dir",
tests/uat/phases/explorer_smoke.py:106:        "--browsers",
