# results-explorer-contract-release-gate w2 automated verification
checked_sha 651c5efd8e18833ee5f4abd0956934061db98521

## Results Explorer unit tests
command: cd results-explorer && npm test -- --run

> results-explorer@0.1.0 test
> vitest run --run


 RUN  v4.1.4 /Users/joe/Developer/BenchBox.pool-06/results-explorer

(node:68916) Warning: `--localstorage-file` was provided without a valid path
(Use `node --trace-warnings ...` to show where the warning was created)
(node:68914) Warning: `--localstorage-file` was provided without a valid path
(Use `node --trace-warnings ...` to show where the warning was created)
(node:68917) Warning: `--localstorage-file` was provided without a valid path
(Use `node --trace-warnings ...` to show where the warning was created)
(node:68966) Warning: `--localstorage-file` was provided without a valid path
(Use `node --trace-warnings ...` to show where the warning was created)
(node:69071) Warning: `--localstorage-file` was provided without a valid path
(Use `node --trace-warnings ...` to show where the warning was created)

 Test Files  54 passed (54)
      Tests  641 passed (641)
   Start at  11:00:37
   Duration  8.19s (transform 3.45s, setup 2.87s, import 8.16s, tests 18.91s, environment 31.41s)


## Results Explorer typecheck
command: cd results-explorer && npm run typecheck

> results-explorer@0.1.0 typecheck
> tsc --noEmit


## Results Explorer build
command: cd results-explorer && npm run build

> results-explorer@0.1.0 build
> vite build

vite v6.4.2 building for production...
transforming...
✓ 217 modules transformed.
rendering chunks...
computing gzip size...
dist/index.html                                                 0.73 kB │ gzip:     0.40 kB
dist/assets/duckdb-browser-coi.pthread.worker-BSvKBYxk.js     667.99 kB
dist/assets/duckdb-browser-eh.worker-hQa-dcAV.js              772.76 kB
dist/assets/duckdb-browser-mvp.worker-C9hF7LGh.js             844.64 kB
dist/assets/duckdb-browser-coi.worker-D2-Qa4hF.js             887.11 kB
dist/assets/duckdb-coi-DrUF0TBm.wasm                       33,968.07 kB │ gzip: 7,760.09 kB
dist/assets/duckdb-eh-9ubY-jlA.wasm                        34,242.59 kB │ gzip: 7,695.33 kB
dist/assets/duckdb-mvp-BP0pRkMH.wasm                       39,362.65 kB │ gzip: 8,766.50 kB
dist/assets/index-7SB2PVq5.css                                 29.75 kB │ gzip:     6.58 kB
dist/assets/duckdb-DHa6yhW2.js                                192.31 kB │ gzip:    45.04 kB
dist/assets/index-_xyhH6Zi.js                                 317.62 kB │ gzip:    84.77 kB
✓ built in 2.13s

## Pipeline/read-model targeted pytest
command: uv run -- python -m pytest tests -k 'explorer_pipeline or browser_duckdb or results_explorer' --tb=short
[benchbox] Capped pytest-xdist workers from auto to 5 (set BENCHBOX_MAX_XDIST_WORKERS to override).
============================= test session starts ==============================
platform darwin -- Python 3.12.11, pytest-9.0.2, pluggy-1.6.0
benchmark: 5.2.3 (defaults: timer=time.perf_counter disable_gc=False min_rounds=5 min_time=0.000005 max_time=1.0 calibration_precision=10 warmup=False warmup_iterations=100000)
rootdir: /Users/joe/Developer/BenchBox.pool-06
configfile: pytest.ini (WARNING: ignoring pytest config in pyproject.toml, setup.cfg!)
plugins: benchmark-5.2.3, xdist-3.8.0, timeout-2.4.0, anyio-4.13.0
created: 5/5 workers
5 workers [243 items]

........................................................................ [ 29%]
........................................................................ [ 59%]
........................................................................ [ 88%]
...........................                                              [100%]
=============================== warnings summary ===============================
tests/integration/platforms/test_velox_live.py:38
tests/integration/platforms/test_velox_live.py:38
tests/integration/platforms/test_velox_live.py:38
tests/integration/platforms/test_velox_live.py:38
tests/integration/platforms/test_velox_live.py:38
  /Users/joe/Developer/BenchBox.pool-06/tests/integration/platforms/test_velox_live.py:38: PytestUnknownMarkWarning: Unknown pytest.mark.live_velox - is this a typo?  You can register custom marks to avoid this warning - for details, see https://docs.pytest.org/en/stable/how-to/mark.html
    pytest.mark.live_velox,

-- Docs: https://docs.pytest.org/en/stable/how-to/capture-warnings.html
======================= 243 passed, 5 warnings in 13.39s =======================
