_project/verification-logs/results-explorer-metric-formatting-contract/e2e-fixtures.log:31:[verify-browser-fixtures] environment coverage OK {"environment_values":{"deployment_class":["cloud","local"],"cloud_provider":["aws","gcp"],"cloud_region":["us-central1","us-east-1"],"instance_or_warehouse":["container-cpu-10","m6i.large","serverless-slots-4"],"storage_format":["duckdb_native","parquet"]},"cloud_rows":2,"container_rows":1,"runtime_types":["dataframe_process","docker_container","local_process","managed_cloud","serverless"]}
_project/verification-logs/results-explorer-metric-formatting-contract/w0.log:11:- results-explorer/src/components/MetaLeaderboard.tsx: rank cells, speedup cells, coverage badges, avg rank, cohort metric headers.
_project/verification-logs/results-explorer-metric-formatting-contract/w0.log:12:- results-explorer/src/components/QueryHeatmap.tsx: benchmark matrix primary metric cells, geomean cells, per-query latency cells, ratio/outlier labels.
_project/verification-logs/results-explorer-metric-formatting-contract/w0.log:19:- Large power scores:
_project/verification-logs/results-explorer-metric-formatting-contract/w0.log:33:  - MetaLeaderboard speedup cells use toFixed(2) + "x".
_project/verification-logs/results-explorer-metric-formatting-contract/w0.log:36:- Ranks and coverage:
_project/verification-logs/results-explorer-metric-formatting-contract/w0.log:39:  - Coverage badges render n_cohorts/cohorts.length locally and correctly disclose the denominator, but not through a shared coverage formatter.
_project/verification-logs/results-explorer-metric-formatting-contract/w0.log:45:  - Query Workbench distinguishes No power score, No timing recorded, No duration recorded, No cost recorded, and Not recorded.
_project/verification-logs/results-explorer-metric-formatting-contract/w0.log:50:- Each visible numeric formatter should map to a semantic type: power_score, latency_ms, duration_s, speedup, rank, average_rank, coverage, cost_usd, or plain_number.
_project/verification-logs/results-explorer-metric-formatting-contract/w0.log:52:- Dense table/axis contexts should use compact but unit-correct values; exact power score remains available through explicit exact helper/tooltips.
_project/verification-logs/results-explorer-metric-formatting-contract/w5.log:1:home power score header: PASS - Recent Results header uses Power score
_project/verification-logs/results-explorer-metric-formatting-contract/w5.log:2:home latency header: PASS - Recent Results header avoids fixed ms-only copy
_project/verification-logs/results-explorer-metric-formatting-contract/w5.log:3:home gratuitous decimals: PASS - no visible large comma-formatted power score with decimals
_project/verification-logs/results-explorer-metric-formatting-contract/w5.log:4:home coverage denominator: PASS - coverage copy includes an explicit denominator or coverage label
_project/verification-logs/results-explorer-metric-formatting-contract/w5.log:5:tpch route loaded: PASS - TPC-H benchmark page rendered
_project/verification-logs/results-explorer-metric-formatting-contract/w5.log:6:tpch power score header: PASS - benchmark table/matrix labels power score
_project/verification-logs/results-explorer-metric-formatting-contract/w5.log:7:tpch latency header: PASS - benchmark route labels latency with semantic copy
_project/verification-logs/results-explorer-metric-formatting-contract/w5.log:8:tpch gratuitous decimals: PASS - TPC-H visible power scores are compact
_project/verification-logs/results-explorer-metric-formatting-contract/w5.log:9:amplab route checked: PASS - AMPLab benchmark route is not a 404/not-found route
_project/verification-logs/results-explorer-metric-formatting-contract/w5.log:10:amplab latency copy: PASS - AMPLab route exposes latency or empty-state copy
_project/verification-logs/results-explorer-metric-formatting-contract/w5.log:11:platform route loaded: PASS - platform page rendered at /results/p/duckdb/
_project/verification-logs/results-explorer-metric-formatting-contract/w5.log:12:platform power score header: PASS - platform table uses Power score header
_project/verification-logs/results-explorer-metric-formatting-contract/w5.log:13:platform latency header: PASS - platform table uses semantic latency header
_project/verification-logs/results-explorer-metric-formatting-contract/w5.log:14:platform gratuitous decimals: PASS - platform visible power scores are compact
_project/verification-logs/results-explorer-metric-formatting-contract/w5.log:15:query workbench loaded: PASS - Query Workbench route rendered
_project/verification-logs/results-explorer-metric-formatting-contract/w5.log:16:query power score label: PASS - Query Workbench column label includes direction
_project/verification-logs/results-explorer-metric-formatting-contract/w5.log:17:query latency label: PASS - Query Workbench latency label includes direction
_project/verification-logs/results-explorer-metric-formatting-contract/w5.log:18:query export copy: PASS - export copy remains explicit about visible columns
_project/verification-logs/results-explorer-metric-formatting-contract/w5.log:19:compare route loaded: PASS - Compare route loaded with tpch-polars-sf0.01-20260403-a62d0d72,tpch-duckdb-sf0.01-20260403-010ee756
_project/verification-logs/results-explorer-metric-formatting-contract/w5.log:20:compare metric label: PASS - Compare route labels the active primary metric
_project/verification-logs/results-explorer-metric-formatting-contract/w5.log:21:compare speedup precision: PASS - Compare route uses two-decimal speedup/correct suppression state
_project/verification-logs/results-explorer-metric-formatting-contract/w5.log:22:compare gratuitous decimals: PASS - Compare visible power scores are compact
