# w0 evidence-durability gate: results-explorer-pr246-home-leaderboard-evidence-remediation
date_utc=2026-05-07T15:04:24Z
git_head=11f3fdec0
branch=fix/pr246-home-leaderboard-evidence

## Dependency/status context
Ready to work (all dependencies satisfied):
  High          results-explorer-pr246-home-leaderboard-evidence-remediation  (1 ready, 7 remaining)
Blocked:
  High          results-explorer-pr246-final-evidence-gate  <- needs: results-explorer-pr246-home-leaderboard-evidence-remediation, results-explorer-pr246-responsive-navigation-overflow-remediation, results-explorer-pr246-result-compare-evidence-remediation, results-explorer-pr246-browse-platform-evidence-remediation, results-explorer-pr246-query-workbench-evidence-remediation

## Source artifact findings
audit artifact: present
5:Verdict: the Results Explorer is functionally renderable in the fixture-backed audit run, but it is not yet product-ready for visual hierarchy, usability, or data-presentation quality. The strongest risks are not route crashes; they are interpretation risks: users can mistake focus state for selected data, miss hidden mobile navigation/actions, read clipped tables/charts incorrectly, and compare metrics without enough visible unit, direction, and comparability context.
55:Additional focused captures:
57:- `home-speedup-1280.png`
58:- `home-speedup-mobile-390.png`
66:### VH-1: Home leaderboard shows an active-looking focus ring before user intent
71:- Concrete observed evidence: the first quantitative cell in the leaderboard is outlined with a bright blue ring on initial page load. The ring visually competes with the page title, cohort controls, and platform rows even though no keyboard focus or user selection was performed during capture.
72:- Why it matters: focus state, selection state, and analytical emphasis carry different meanings in a dense benchmark table. A default blue ring can look like the selected result, active metric, or best value, which weakens both scan order and accessibility semantics.
73:- Recommended fix: separate roving-grid internal focus from visible focus. Only show the ring on `focus-visible` keyboard entry, and use distinct styling for active mode, selected data, hover, and analytical highlights.
75:### VH-2: Home controls and filter summaries compete with the primary leaderboard read
89:- Concrete observed evidence: the first viewport is dominated by the Run Receipt and environment metadata. Primary metrics are rendered as inline receipt text rather than a clear summary strip. `Compare this result` appears below the receipt/environment material on mobile.
91:- Recommended fix: lead with a compact result summary: workload, platform, scale, phase, geomean/power metric, trust, validation, run date, and primary actions. Keep the receipt prominent but lower in the page or partially collapsed.
145:- Concrete observed evidence: after the mobile filter interaction capture, the page still shows the normal query toolbar and focus is visible on `Build SQL From Filters`; no clear filter drawer is visible in the screenshot. The `Filters` row itself does not read as a strong tappable drawer entry.
147:- Recommended fix: make the mobile filter entry an explicit button with count/state. When opened, show a clear drawer header, reset/apply controls, focus trap, and visible close action.
151:### DQ-1: Leaderboard values lack always-visible metric, unit, and direction context
154:- Route and viewport: `/results/`, 1280px; speedup mode at 1280px and 390px
155:- Screenshot filename: `home-1280.png`, `home-speedup-1280.png`, `home-speedup-mobile-390.png`
156:- Concrete observed evidence: cohort headers such as `TPC-H SF0.01` do not visibly state the metric family, unit, or whether higher/lower is better. Speedup mode shows ratios below `1.00x`, but the visible table area does not explain that values below `1.00x` are worse unless the user finds supporting disclosure text.
157:- Why it matters: benchmark values are not self-explanatory. A power score, latency in ms, rank, and speedup ratio require different interpretation rules.
158:- Recommended fix: add compact cohort header sublabels for benchmark, scale, phase, metric, unit, and direction. Add a visible legend for heatmap and speedup semantics, including `below 1.00x is worse`.
160:### DQ-2: Badges, links, heat, and focus styling add noise inside quantitative cells
165:- Concrete observed evidence: leaderboard and benchmark matrix cells combine blue links, heatmap fills, green trust badges, green validation badges, and sometimes focus rings in the same cell. The quantitative value does not always remain the dominant read.
166:- Why it matters: badge semantics and quantitative comparison should reinforce each other, not compete. Similar green treatments for trust and validation can imply the same meaning when they represent different evidence.
167:- Recommended fix: make the numeric value primary, heat secondary, and metadata tertiary. Use distinct badge treatments for trust, validation, visibility, tuning, and warning states, with a legend and high-contrast equivalent.
178:### DQ-4: Compare speedup chart wastes space and weakens equal-value interpretation
183:- Concrete observed evidence: for a two-result same-cohort comparison where values are effectively `1.00x`, the speedup chart uses a wide domain and leaves most of the plot empty. Values collapse into a thin vertical stack, especially on desktop.
201:- Concrete observed evidence: table headers and values expose raw schema terms such as `scale_factor`, `star_schema`, and `community-submission`. Numeric columns such as `geomean_ms` and power scores use schema-like labels and decimal formats that differ from the display language used on browse pages. Dates wrap awkwardly at desktop width.
202:- Why it matters: raw schema labels are fine for an internal tool but weaken public interpretation. Units and direction must be visible wherever benchmark values appear.
203:- Recommended fix: use display labels from the app's query/facet metadata, align numeric columns, show units and direction in headers, and format dates and null/missing values consistently.
227:| 1 | VH-1 | Major | `/results/`, 390px/1280px | `home-390.png`, `home-1280.png`: blue ring on first leaderboard cell at initial render | Focus, selection, and analytical highlight are visually conflated | Show focus only on `focus-visible`; separate selected/active/hover styles |
228:| 2 | DQ-1 | Major | `/results/`, speedup mode, 390px/1280px | `home-1280.png`, `home-speedup-1280.png`: no visible metric/unit/direction in cohort headers | Users cannot reliably interpret score, time, rank, and speedup values | Add metric/unit/direction sublabels and a visible legend |
229:| 3 | DQ-2 | Major | `/results/`, `/results/tpch/`, 1280px | `home-1280.png`, `benchmark-tpch-1280.png`: badges, links, heat, and focus compete in cells | Quantitative comparison becomes noisy and badge semantics blur | Redesign cell hierarchy and badge semantics |
231:| 5 | U-2 | Major | Home, Platform, Compare, Query, 390px | `platform-duckdb-390.png`, `compare-duckdb-aws-390.png`: clipped tables/actions | Users may miss columns and row actions | Add sticky/action columns, scroll affordances, or card fallbacks |
235:| 9 | DQ-4 | Medium | Compare, 390px/1280px | `compare-duckdb-aws-1280.png`: sparse speedup chart with huge whitespace | Equal-value comparison is harder to read than it should be | Tighten domain or use a clearer two-result default |
237:| 11 | VH-2 | Medium | Home, 390px/1280px | `home-390.png`: duplicated dark summary/filter surfaces | Primary action is not obvious despite clear page purpose | Consolidate controls into a labeled analytical toolbar |
240:| 14 | U-4 | Medium | Query, 390px | `query-mobile-filter-drawer-390.png`: drawer state not apparent | Mobile filtering is primary but not confidently discoverable | Explicit filter button, drawer header/footer, focus trap |
241:| 15 | DQ-6 | Medium | Query, 390px/1280px | `query-1280.png`: raw schema names and inconsistent formats | Public users need display labels, units, and direction | Use display metadata and consistent numeric/date/null formatting |
249:| VH-1 | `results-explorer-retheme-leaderboard-semantics` w1; `results-explorer-retheme-responsive-accessibility` w5 | `results-explorer-pr246-home-leaderboard-evidence-remediation`; `results-explorer-pr246-responsive-navigation-overflow-remediation` | Directly covers removing misleading initial focus ring and separating focus from active/selected states with screenshot acceptance criteria. |
250:| VH-2 | `results-explorer-retheme-leaderboard-semantics` w3; `results-explorer-retheme-theme-system-foundation` w4 | `results-explorer-pr246-home-leaderboard-evidence-remediation` | Covers analytical control redesign and shared controls, now tied to `home-390.png` and `home-1280.png`. |
257:| U-4 | `results-explorer-retheme-query-workbench` w3, w7; `results-explorer-retheme-responsive-accessibility` w5 | `results-explorer-pr246-query-workbench-evidence-remediation`; `results-explorer-pr246-responsive-navigation-overflow-remediation` | Covers mobile filters, drawer/focus behavior, and keyboard paths. |
258:| DQ-1 | `results-explorer-retheme-leaderboard-semantics` w2, w5 | `results-explorer-pr246-home-leaderboard-evidence-remediation` | Directly covers metric/unit/direction labels and speedup legend semantics. |
259:| DQ-2 | `results-explorer-retheme-leaderboard-semantics` w4, w5; `results-explorer-retheme-theme-system-foundation` w3 | `results-explorer-pr246-home-leaderboard-evidence-remediation`; `results-explorer-pr246-browse-platform-evidence-remediation` | Covers separation of quantitative heat from trust/validation metadata and state tokens. |
263:| DQ-6 | `results-explorer-retheme-query-workbench` w5 | `results-explorer-pr246-query-workbench-evidence-remediation` | Covers consistent formatting, units, dates, row actions, and scroll affordances for query tables. |
264:| DQ-7 | `results-explorer-retheme-browse-pages` w3, w7; `results-explorer-retheme-leaderboard-semantics` w2 | `results-explorer-pr246-browse-platform-evidence-remediation` | Covers matrix semantics, missing/failed timing display, SSB/Star Schema naming, sub-ms formatting, and visible metric labels. |

## Baseline screenshots referenced by TODO
present browser-use-home-live-fullpage.png
present home-390.png
present home-768.png
present home-1280.png
present home-1600.png
present home-speedup-mobile-390.png
present home-speedup-1280.png
present benchmark-tpch-1280.png
present benchmark-tpch-high-contrast-1280.png
