
## npm-test
head: 8c1589c4b8add656a35345b38de68eff2e766cef
command: bash -lc cd results-explorer && npm test -- --run
started_at_utc: 2026-05-10T21:24:07Z
exit_status: 0
finished_at_utc: 2026-05-10T21:24:15Z
--- output tail ---

> results-explorer@0.1.0 test
> vitest run --run


 RUN  v4.1.4 /Users/joe/Developer/BenchBox.pool-06/results-explorer

(node:49121) Warning: `--localstorage-file` was provided without a valid path
(Use `node --trace-warnings ...` to show where the warning was created)
(node:49125) Warning: `--localstorage-file` was provided without a valid path
(Use `node --trace-warnings ...` to show where the warning was created)
(node:49127) Warning: `--localstorage-file` was provided without a valid path
(Use `node --trace-warnings ...` to show where the warning was created)
(node:49148) Warning: `--localstorage-file` was provided without a valid path
(Use `node --trace-warnings ...` to show where the warning was created)
(node:49222) Warning: `--localstorage-file` was provided without a valid path
(Use `node --trace-warnings ...` to show where the warning was created)

 Test Files  54 passed (54)
      Tests  617 passed (617)
   Start at  17:24:08
   Duration  6.94s (transform 2.73s, setup 2.59s, import 6.82s, tests 15.42s, environment 26.69s)

--- end output tail ---

## npm-typecheck
head: 8c1589c4b8add656a35345b38de68eff2e766cef
command: bash -lc cd results-explorer && npm run typecheck
started_at_utc: 2026-05-10T21:24:15Z
exit_status: 0
finished_at_utc: 2026-05-10T21:24:18Z
--- output tail ---

> results-explorer@0.1.0 typecheck
> tsc --noEmit

--- end output tail ---

## npm-build
head: 8c1589c4b8add656a35345b38de68eff2e766cef
command: bash -lc cd results-explorer && npm run build
started_at_utc: 2026-05-10T21:24:18Z
exit_status: 0
finished_at_utc: 2026-05-10T21:24:20Z
--- output tail ---

> results-explorer@0.1.0 build
> vite build

vite v6.4.2 building for production...
transforming...
✓ 216 modules transformed.
rendering chunks...
computing gzip size...
dist/index.html                                                 0.73 kB │ gzip:     0.40 kB
dist/assets/duckdb-browser-coi.pthread.worker-BSvKBYxk.js     667.99 kB
dist/assets/duckdb-browser-eh.worker-hQa-dcAV.js              772.76 kB
dist/assets/duckdb-browser-mvp.worker-C9hF7LGh.js             844.64 kB
dist/assets/duckdb-browser-coi.worker-D2-Qa4hF.js             887.11 kB
dist/assets/duckdb-coi-DrUF0TBm.wasm                       33,968.07 kB │ gzip: 7,760.09 kB
dist/assets/duckdb-eh-9ubY-jlA.wasm                        34,242.59 kB │ gzip: 7,695.33 kB
dist/assets/duckdb-mvp-BP0pRkMH.wasm                       39,362.65 kB │ gzip: 8,766.50 kB
dist/assets/index-CJO3GUHH.css                                 29.22 kB │ gzip:     6.52 kB
dist/assets/duckdb-DHa6yhW2.js                                192.31 kB │ gzip:    45.04 kB
dist/assets/index-Cb-1jPCO.js                                 301.61 kB │ gzip:    81.04 kB
✓ built in 1.79s
--- end output tail ---
