# w0 evidence-durability gate: results-explorer-pr246-responsive-navigation-overflow-remediation
date_utc=2026-05-07T22:31:25Z
git_head=8eae12907
branch=fix/pr246-responsive-navigation-overflow

## TODO dependency/status context
Ready to work (all dependencies satisfied):
  High          results-explorer-pr246-responsive-navigation-overflow-remediation  (1 ready, 7 remaining)
  High          results-explorer-pr246-result-compare-evidence-remediation  (1 ready, 8 remaining)
  Medium-High   results-explorer-pr246-query-workbench-evidence-remediation  (1 ready, 7 remaining)
Blocked:
  High          results-explorer-pr246-final-evidence-gate  <- needs: results-explorer-pr246-responsive-navigation-overflow-remediation, results-explorer-pr246-result-compare-evidence-remediation, results-explorer-pr246-query-workbench-evidence-remediation

## Source artifact findings
audit artifact: present
5:Verdict: the Results Explorer is functionally renderable in the fixture-backed audit run, but it is not yet product-ready for visual hierarchy, usability, or data-presentation quality. The strongest risks are not route crashes; they are interpretation risks: users can mistake focus state for selected data, miss hidden mobile navigation/actions, read clipped tables/charts incorrectly, and compare metrics without enough visible unit, direction, and comparability context.
26:- Local Chromium via Playwright was used for explicit viewport screenshots because it provides deterministic 390px, 768px, 1280px, and 1600px captures.
43:- 390px mobile
44:- 768px tablet
55:Additional focused captures:
58:- `home-speedup-mobile-390.png`
61:- `query-mobile-filter-drawer-390.png`
66:### VH-1: Home leaderboard shows an active-looking focus ring before user intent
69:- Route and viewport: `/results/`, 390px and 1280px
71:- Concrete observed evidence: the first quantitative cell in the leaderboard is outlined with a bright blue ring on initial page load. The ring visually competes with the page title, cohort controls, and platform rows even though no keyboard focus or user selection was performed during capture.
72:- Why it matters: focus state, selection state, and analytical emphasis carry different meanings in a dense benchmark table. A default blue ring can look like the selected result, active metric, or best value, which weakens both scan order and accessibility semantics.
73:- Recommended fix: separate roving-grid internal focus from visible focus. Only show the ring on `focus-visible` keyboard entry, and use distinct styling for active mode, selected data, hover, and analytical highlights.
78:- Route and viewport: `/results/`, 390px and 1280px
80:- Concrete observed evidence: the first viewport contains a dark active-summary strip, the leaderboard, two segmented control groups, and a separate cohort/filter selector. The long `Avg rank over covered cohorts` control is visually heavier than nearby mode controls. On mobile, the filter summary and table controls consume the area before the result corpus summary and downstream actions.
87:- Route and viewport: `/results/r/tpch-duckdb-sf0.01-20260403-b6d2e142`, 390px and 1280px
89:- Concrete observed evidence: the first viewport is dominated by the Run Receipt and environment metadata. Primary metrics are rendered as inline receipt text rather than a clear summary strip. `Compare this result` appears below the receipt/environment material on mobile.
96:- Route and viewport: `/results/compare?ids=tpch-duckdb-sf0.01-20260403-b6d2e142,tpch-fixture-aws-sql-sf0.01-20260403-e73da6ce`, 390px and 1280px
105:- Route and viewport: `/results/query`, 390px and 1280px
113:### U-1: Mobile secondary navigation hides Query without a clear menu or scroll cue
116:- Route and viewport: all audited routes at 390px; clearest on `/results/` and `/results/query`
118:- Concrete observed evidence: the mobile nav shows `Leaderboards`, `Benchmarks`, `Platforms`, and `Compare`, while `Query` is off-canvas. The user can be on `/results/query` without the Query nav item being visible in the first viewport.
119:- Why it matters: hidden route navigation makes core workflows undiscoverable and weakens orientation. It also makes the active route state unreliable on mobile.
120:- Recommended fix: use a mobile nav menu, wrapped nav, or visible horizontal-scroll affordance with scroll shadow. Keep the active route visible whenever possible and preserve 44px practical tap targets.
122:### U-2: Dense tables overflow or clip on mobile without enough affordance
125:- Route and viewport: `/results/`, `/results/p/duckdb/`, `/results/compare`, `/results/query`, 390px
127:- Concrete observed evidence: Recent Results, Platform table, Compare query diff, and Query result table all require horizontal inspection. In `platform-duckdb-390.png`, the capture surface expands beyond the requested 390px width and table columns/actions are clipped. Compare and Query show only partial right-side columns in the first mobile capture.
129:- Recommended fix: define per-table responsive behavior: sticky first/action columns, scroll shadows, column grouping, or compact cards. Add regression checks for container width and visible affordances at 390px and 768px.
134:- Route and viewport: `/results/tpch/` and `/results/p/duckdb/`, 390px and 1280px
140:### U-4: Query mobile filters do not read as a predictable drawer workflow
143:- Route and viewport: `/results/query`, 390px
144:- Screenshot filename: `query-mobile-filter-drawer-390.png`
145:- Concrete observed evidence: after the mobile filter interaction capture, the page still shows the normal query toolbar and focus is visible on `Build SQL From Filters`; no clear filter drawer is visible in the screenshot. The `Filters` row itself does not read as a strong tappable drawer entry.
146:- Why it matters: mobile users need filters as the primary way to reduce a dense result set. If the drawer trigger or open state is ambiguous, the workbench depends on desktop-style scanning.
147:- Recommended fix: make the mobile filter entry an explicit button with count/state. When opened, show a clear drawer header, reset/apply controls, focus trap, and visible close action.
154:- Route and viewport: `/results/`, 1280px; speedup mode at 1280px and 390px
155:- Screenshot filename: `home-1280.png`, `home-speedup-1280.png`, `home-speedup-mobile-390.png`
160:### DQ-2: Badges, links, heat, and focus styling add noise inside quantitative cells
165:- Concrete observed evidence: leaderboard and benchmark matrix cells combine blue links, heatmap fills, green trust badges, green validation badges, and sometimes focus rings in the same cell. The quantitative value does not always remain the dominant read.
169:### DQ-3: Result Detail chart clips outside its mobile container
172:- Route and viewport: `/results/r/tpch-duckdb-sf0.01-20260403-b6d2e142`, 390px
174:- Concrete observed evidence: the query timing chart/histogram extends past the visible card boundary on mobile. Right-side bars and labels are clipped or outside the 390px viewport.
175:- Why it matters: clipped analytical charts can hide the slowest queries or misstate the distribution. It also signals that chart sizing is not robust across real mobile widths.
176:- Recommended fix: constrain chart SVG width to the container, recompute margins at narrow widths, and add Playwright checks for SVG overflow and label clipping.
178:### DQ-4: Compare speedup chart wastes space and weakens equal-value interpretation
181:- Route and viewport: `/results/compare?ids=tpch-duckdb-sf0.01-20260403-b6d2e142,tpch-fixture-aws-sql-sf0.01-20260403-e73da6ce`, 390px and 1280px
190:- Route and viewport: `/results/p/duckdb/`, 390px and 1280px
199:- Route and viewport: `/results/query`, 390px and 1280px
227:| 1 | VH-1 | Major | `/results/`, 390px/1280px | `home-390.png`, `home-1280.png`: blue ring on first leaderboard cell at initial render | Focus, selection, and analytical highlight are visually conflated | Show focus only on `focus-visible`; separate selected/active/hover styles |
228:| 2 | DQ-1 | Major | `/results/`, speedup mode, 390px/1280px | `home-1280.png`, `home-speedup-1280.png`: no visible metric/unit/direction in cohort headers | Users cannot reliably interpret score, time, rank, and speedup values | Add metric/unit/direction sublabels and a visible legend |
229:| 3 | DQ-2 | Major | `/results/`, `/results/tpch/`, 1280px | `home-1280.png`, `benchmark-tpch-1280.png`: badges, links, heat, and focus compete in cells | Quantitative comparison becomes noisy and badge semantics blur | Redesign cell hierarchy and badge semantics |
230:| 4 | DQ-3 | Major | Result Detail, 390px | `result-detail-duckdb-390.png`: chart extends outside mobile card | Clipped charts can hide the slowest queries or distort distribution | Recompute responsive chart bounds; add overflow checks |
231:| 5 | U-2 | Major | Home, Platform, Compare, Query, 390px | `platform-duckdb-390.png`, `compare-duckdb-aws-390.png`: clipped tables/actions | Users may miss columns and row actions | Add sticky/action columns, scroll affordances, or card fallbacks |
232:| 6 | U-1 | Major | All routes, 390px | `home-390.png`, `query-390.png`: Query nav item hidden off-canvas | Core route navigation is undiscoverable on mobile | Add mobile nav/menu or visible horizontal scroll cue |
233:| 7 | VH-3 | Major | Result Detail, 390px/1280px | `result-detail-duckdb-390.png`: receipt dominates first viewport | Primary result interpretation and action are delayed | Lead with compact result summary and grouped actions |
234:| 8 | VH-4 | Major | Compare, 390px/1280px | `compare-duckdb-aws-1280.png`: receipt precedes decision/charts | Users parse metadata before seeing comparison outcome | Compact receipt and raise baseline, decision, and chart |
235:| 9 | DQ-4 | Medium | Compare, 390px/1280px | `compare-duckdb-aws-1280.png`: sparse speedup chart with huge whitespace | Equal-value comparison is harder to read than it should be | Tighten domain or use a clearer two-result default |
236:| 10 | DQ-5 | Medium | Platform, 390px/1280px | `platform-duckdb-1280.png`: sparse trends and mixed cohorts | Cross-scale/cross-benchmark scans can imply invalid comparison | Group rows by cohort and label sparse trend limitations |
237:| 11 | VH-2 | Medium | Home, 390px/1280px | `home-390.png`: duplicated dark summary/filter surfaces | Primary action is not obvious despite clear page purpose | Consolidate controls into a labeled analytical toolbar |
238:| 12 | VH-5 | Medium | Query, 390px/1280px | `query-1280.png`: visible columns precede result table | Public workflow reads like internal schema tooling | Move columns/SQL into subordinate advanced controls |
239:| 13 | U-3 | Medium | Benchmark/Platform, 390px/1280px | `benchmark-tpch-390.png`, `platform-duckdb-1280.png`: compare action implicit | Users must infer checkbox-to-compare behavior | Persistent disabled compare tray with selection guidance |
240:| 14 | U-4 | Medium | Query, 390px | `query-mobile-filter-drawer-390.png`: drawer state not apparent | Mobile filtering is primary but not confidently discoverable | Explicit filter button, drawer header/footer, focus trap |
241:| 15 | DQ-6 | Medium | Query, 390px/1280px | `query-1280.png`: raw schema names and inconsistent formats | Public users need display labels, units, and direction | Use display metadata and consistent numeric/date/null formatting |
249:| VH-1 | `results-explorer-retheme-leaderboard-semantics` w1; `results-explorer-retheme-responsive-accessibility` w5 | `results-explorer-pr246-home-leaderboard-evidence-remediation`; `results-explorer-pr246-responsive-navigation-overflow-remediation` | Directly covers removing misleading initial focus ring and separating focus from active/selected states with screenshot acceptance criteria. |
254:| U-1 | `results-explorer-retheme-responsive-accessibility` w2 | `results-explorer-pr246-responsive-navigation-overflow-remediation` | Directly covers mobile nav discoverability and active route visibility. |
255:| U-2 | `results-explorer-retheme-responsive-accessibility` w3, w4; `results-explorer-retheme-browse-pages` w5; `results-explorer-retheme-query-workbench` w5 | `results-explorer-pr246-responsive-navigation-overflow-remediation` | Covers table overflow, chart overflow, mobile browse behavior, and query table scroll affordance. |
257:| U-4 | `results-explorer-retheme-query-workbench` w3, w7; `results-explorer-retheme-responsive-accessibility` w5 | `results-explorer-pr246-query-workbench-evidence-remediation`; `results-explorer-pr246-responsive-navigation-overflow-remediation` | Covers mobile filters, drawer/focus behavior, and keyboard paths. |
260:| DQ-3 | `results-explorer-retheme-result-and-compare` w5, w7; `results-explorer-retheme-responsive-accessibility` w4 | `results-explorer-pr246-result-compare-evidence-remediation`; `results-explorer-pr246-responsive-navigation-overflow-remediation` | Covers chart layout, overflow, labels, and regression checks. |
261:| DQ-4 | `results-explorer-retheme-result-and-compare` w5 | `results-explorer-pr246-result-compare-evidence-remediation` | Directly covers Compare chart whitespace, domain, margins, labels, and default chart choice. |
262:| DQ-5 | `results-explorer-retheme-browse-pages` w4; `results-explorer-retheme-responsive-accessibility` w4 | `results-explorer-pr246-browse-platform-evidence-remediation` | Covers Platform table/trend grouping and sparse chart/overflow behavior. |
270:- `results-explorer-pr246-responsive-navigation-overflow-remediation`

## Baseline screenshots referenced by TODO
present home-390.png
present home-768.png
present benchmark-tpch-390.png
present benchmark-tpch-768.png
present benchmark-star-schema-390.png
present benchmark-star-schema-768.png
present platform-duckdb-390.png
present platform-duckdb-768.png
present platform-datafusion-390.png
present platform-datafusion-768.png
present result-detail-duckdb-390.png
present result-detail-duckdb-768.png
present compare-duckdb-aws-390.png
present compare-duckdb-aws-768.png
present query-390.png
present query-768.png
present query-mobile-filter-drawer-390.png
