# w0 — Revalidate chart tab activation and duplicate chart scope

**Date:** 2026-05-10
**Develop tip rebased onto:** 21376cb58 + #324 + #329 branches
**Method:** Static source analysis + targeted vitest run.

## Finding #5 — Rank tab does not activate from default Overview state

**Cannot reproduce in source.** ChartPanel.tsx `selectGroup` (line 165-171)
correctly falls through to `group.charts[0]` when the active chart's id is
not in the new group, so clicking Rank from the default Overview/sparkline
state sets `activeId="rank_table"` and the tabpanel rerenders.

The existing `ChartPanel.test.tsx:191-195` test already exercises a fresh
state → click Trend → assert `aria-selected=true` flow successfully. The
audit finding #5 may have been speculative or has been remediated by an
intervening PR.

w1 plan: add a Rank-specific regression test that pins the same contract
("after fresh page render, click Rank tab → Rank table renders, Overview
content gone"). If the test passes, the finding is treated as
already-satisfied per the audit acceptance contract; if it fails on a
future regression, the test catches it.

## Finding #6 — Per-query Heatmap duplicates the benchmark matrix

**Already remediated.** PR #300 added matrix-view dedup at
`results-explorer/src/pages/BenchmarkIndex.tsx:665`:

```tsx
excludeChartIds={viewMode === "matrix" ? ["query_heatmap"] : undefined}
```

ChartPanel.tsx:74-77 honors `excludeChartIds` by filtering before
grouping. Existing test in ChartPanel.test.tsx ("hides charts whose ids
are listed in excludeChartIds") pins the contract. No further work; the
audit's "again duplicates" claim is stale.

## Finding #7 — Distribution box-plot labels truncate repeated runs

**Reproduces.** `DistributionBox.tsx:81` truncates labels at 20 chars
unconditionally:

```tsx
{row.label.length > 20 ? `${row.label.slice(0, 19)}…` : row.label}
```

For four DataFusion v53.0.0 runs, `formatRunIdentitiesForCohort` produces
identity strings like "DataFusion v53.0.0 2026-05-06 (3b8bbc42)" which
all share the first 20 characters. The truncation collapses them to
"DataFusion v53.0.0 …" four times.

`RankTable.tsx:29-37` already exports `preserveUniqueAfterTruncation`
which falls back to the full identity when truncation collides. Reusing
that helper in DistributionBox closes finding #7 without changing the
visible label budget for the non-colliding common case.

## Implementation plan

- w1: regression test pinning "click Rank from fresh Overview state"
  contract. (No code change — verify existing behavior.)
- w2: no code change. Verified by existing ChartPanel test +
  BenchmarkIndex matrix-view dedup test.
- w3: DistributionBox uses `preserveUniqueAfterTruncation`; full
  identity rendered as `<title>` so SR/tooltip exposes the
  disambiguator regardless of visible truncation.
- w4: vitest assertions for w1/w3 + a focused
  `preserveUniqueAfterTruncation` table-driven test if not already
  covered.
