# w2 + w3 + w4 — Navigation switchers and Home filter placement

Branch: feat/explorer-nav-pivot-switchers
Develop tip at start: 6c28d2b45 (PR #298 merged)

These three work units are intentionally bundled in one PR. They are
independent UI controls (no shared component) but they all live in the
same TODO and share the same verification block. The change cost is
small enough that splitting them into three review cycles costs more
than it saves.

## w2 — Benchmark switcher on Benchmark detail

### Current state on develop tip

`results-explorer/src/pages/BenchmarkIndex.tsx:362-394`. The page
renders a Breadcrumb and an `<h1>{title} Results</h1>` followed by a
right-side row of Scale and Phase filters. There is no in-page control
to pivot to a sibling benchmark — users must back out to the Home
leaderboard or edit the URL.

`src/utils.ts:5` exposes `BENCHMARK_LABELS` mapping every known
benchmark slug to its display label. Two slugs share a display label
("star_schema" and "ssb" both render "SSB") because the canonical
route slug (`star_schema`) and the legacy slug (`ssb`) both exist. A
similar collision exists between `tsbs-devops` and `tsbs_devops`.

### Planned change

Add a Benchmark `<select>` to the right-side controls strip on
BenchmarkIndex. Options come from `BENCHMARK_LABELS`, deduplicated by
display label (canonical slug wins). Selecting a sibling benchmark
navigates to `/results/<slug>/` — view= is preserved (UI-level state
is universal across benchmarks) but scale= and phase= are dropped
because they are benchmark-specific and may not be valid for the new
route. Per the YAML's "clear invalid query params rather than
producing an empty page" rule, dropping benchmark-specific params is
the safer default than guessing whether they apply.

## w3 — Platform switcher on Platform detail

### Current state on develop tip

`results-explorer/src/pages/PlatformIndex.tsx:245-274`. Same shape as
BenchmarkIndex: Breadcrumb + `<h1>{platformDisplayName} Results</h1>`
+ right-side controls (currently only the Tuning filter when multiple
modes exist). No platform pivot.

The platforms list is available from `rows` (from
`getPlatformIndexRows()`) once the page loads — `rows[i].platform_id`
is the URL slug, `rows[i].platform` is the display name.

### Planned change

Add a Platform `<select>` to the controls strip with options derived
from the unique `(platform_id, platform)` pairs in `rows`. Selecting a
sibling navigates to `/results/p/<platform_id>/`. Tuning state is
dropped on platform switch because tuning modes are platform-specific.

## w4 — Home filters above the matrix

### Current state on develop tip

`results-explorer/src/pages/Home.tsx:283-380`. Page order:

1. Hero with `BenchBox Database Leaderboards` title and an
   `ActiveLeaderboardSummary` row.
2. `<MetaLeaderboard>` matrix.
3. `<CoverageEmptyState>` (only when cohorts are empty).
4. Cohort selector `<section aria-label="Leaderboard cohort selector">`
   with Benchmark, Scale, Phase, and the advanced-filters disclosure.

The filter section is the last block in the main column. A user
encountering an unexpected matrix has to scroll past the matrix to
discover how to change the benchmark/scale/phase context.

### Planned change

Move the cohort selector section directly above the
`<MetaLeaderboard>`. The hero's `ActiveLeaderboardSummary` already
shows the active state above the matrix; pairing it with the editable
filter controls keeps the read-state and edit-state side by side.
`<CoverageEmptyState>` stays where the matrix would have been so the
empty hint still appears in the matrix slot.

## Verification commands

- `cd results-explorer && npm test -- --run src/pages/__tests__/BenchmarkIndex.test.tsx src/pages/__tests__/PlatformIndex.test.tsx src/pages/__tests__/Home.test.tsx`
- `cd results-explorer && npm run typecheck`
- `cd results-explorer && npm run build`
- Browser smoke (deferred to release-gate w3 — added as a Playwright
  spec there): /results/tpch/ → switch to /results/clickbench/;
  /results/p/duckdb/ → switch to /results/p/datafusion/;
  /results/ → confirm filter section renders above the matrix.
