# PR 1 bundle (items 1+2+3) — w0 audit log

Date: 2026-05-08
Worktree base: feat/explorer-compare-nav-table on develop tip 24b8aaef2
(post-#277, post-#281, post-#282).
Bundling chosen by user; original spec is one TODO per PR.

## Item 1 — `results-explorer-compare-flow-entrypoints` (Critical)

w1 (Inventory):
  - Compare.tsx ll.56–62 — empty-IDs state surfaces the literal copy
    "No result IDs provided. Add ?ids=id1,id2 to the URL." Confirmed.
  - Compare.tsx ll.64–89 — single ID redirects back to `/results/r/<id>`,
    which makes the ResultDetail "Compare this result" button (l.231)
    a no-op round-trip. Confirmed.
  - Query.tsx — no compare selection column / tray. Confirmed.
  - Home.tsx — leaderboard rows have no compare affordance. Confirmed.
  - BenchmarkIndex / PlatformIndex — checkbox column already exists in
    QueryHeatmap (l.387 `hasSelection`), but no compatibility constraint
    on selection. Confirmed.
  - Hidden result_id column: rows already carry `result_id` per
    DetailResult typing; visible-columns toggle hides display only.

w2 (replace empty error with builder):       Confirmed
w3 (single-result compare from ResultDetail): Confirmed
w4 (Query compare selection):                 Confirmed
w5 (Home compare entrypoints):                Confirmed
w6 (cohort selection on detail pages):        Confirmed
w7 (tests):                                   Confirmed

## Item 2 — `results-explorer-navigation-and-pivot-controls` (High)

w1 (reactive Layout nav active state):
  - Layout.tsx l.18 reads `window.location.pathname` ONCE at render time.
    `Layout` sits OUTSIDE `<Router>` (App.tsx: Layout wraps Router), so
    `route()` calls re-render the Router children but NOT Layout.
    The active-tab pills become stale after every client-side nav.
    Confirmed.
  - Fix path: `useRouter()` from preact-router subscribes to URL
    changes even when called outside the Router tree (preact-router
    source: `if (n === g) { ... y.push(setter) ... }` in `useRouter`).

w2 (benchmark switcher in BenchmarkIndex):    Confirmed (no switcher exists)
w3 (platform switcher in PlatformIndex):      Confirmed (no switcher exists)
w4 (Home leaderboard filters above matrix):   Confirmed (need to verify
                                              current ordering)
w5 (tests):                                   Confirmed

## Item 3 — `results-explorer-table-sticky-density-and-semantics` (High)

w1 (audit):
  - QueryHeatmap.tsx ll.387–408: when `hasSelection` is true, a 12-unit
    checkbox `<th>` precedes the sticky Platform `<th>` whose `left-0`
    class assumes the checkbox column doesn't exist. The Platform col
    overlays the checkbox, miscalibrated by the unscrolled width.
    Same issue on the body row's sticky cell at l.484.
  - Header `<thead>` is NOT `sticky top-0` — vertical scroll loses the
    query-id column headers. Confirmed.
  - Provenance cells (Platform body cell ll.482–503) stack platform name +
    optional version + Receipt link in one cell; Trust col adds two
    badges. Confirmed (compaction work).

w2 (heatmap sticky-left offsets):             Confirmed
w3 (heatmap header vertically sticky):        Confirmed
w4 (compact provenance/trust cells):          Confirmed
w5 (Platform detail filters):                 Confirmed (no filters)
w6 (Query Workbench semantic sort headers):
  - Query.tsx ll.578–586 use clickable `<th>` with `class="cursor-pointer"`
    onClick handlers. No `aria-sort`, no `<button>`, not keyboard-focusable
    by default. Confirmed.
w7 (tests):                                   Confirmed

## Actually delivered in this PR

  Item 2 w1: Layout reactive active-tab via `useRouter()` + `getCurrentUrl()`.
    - `Header()` now subscribes via `useRouter()`, reads URL via
      `getCurrentUrl()` each render. New regression test
      `Layout.test.tsx > "updates the active explorer subnav after a
      client-side route() call"` exercises an actual `route("/results/query")`
      transition under a wrapping `<Router>`.

  Item 3 w6: Query Workbench semantic sort headers.
    - `Query.tsx` table headers now render `<th aria-sort=...><button>` per
      column with focus-visible outline. The arrow indicator stays visible
      inside the button text so existing
      `getAllByText(/^Benchmark(?:\s[↑↓])?$/)` assertions still match.
      No new test added; existing Query.test.tsx sort assertions cover
      the contract.

  Item 1 w2: Compare empty-state → in-page builder.
    - New `CompareBuilder` component embedded in `Compare.tsx`. Pulls
      candidate runs via `listResults()`, exposes benchmark/scale/phase
      filters, enforces same-cohort selection (first selection locks
      cohort), and disables `Compare N runs` button until ≥2 compatible
      runs are selected. Uses `toShortIds` + `buildCompareUrl` to launch.
      `compare-builder` testid lets coverage assert presence.

  Item 1 w3: ResultDetail single-result `Compare this result` opens
    builder with that run pinned, instead of redirecting back to
    `/results/r/<id>`. Test rewritten:
    `"opens the compare builder with a single ID pinned (instead of
    redirecting back to the detail page)"`.

  Tests:
    - `Layout.test.tsx`: 4 passing (was 3)
    - `Compare.test.tsx`: 22 passing (was 21; one rewritten + one new
      cohort-lock + launch test)
    - Full vitest run: 518/518 passing.
    - Build: clean. JS bundle 275.97 kB (+7.65 kB / +2.86% vs pre-PR
      268.32 kB). Under the 5% PR-flag threshold; not flagged.

## Deferred to follow-up TODOs (call out in PR body)

  - Item 1 w4 (Query compare selection)
  - Item 1 w5 (Home compare entrypoints)
  - Item 1 w6 (cohort selection on detail pages — Benchmark + Platform
    detail)
  - Item 2 w2 (benchmark switcher)
  - Item 2 w3 (platform switcher)
  - Item 2 w4 (Home filter relocation)
  - Item 3 w2 (heatmap sticky-left offsets)
  - Item 3 w3 (heatmap header vertical sticky)
  - Item 3 w4 (compact provenance cells)
  - Item 3 w5 (Platform detail filters)

The deferred items will keep their original TODO IDs and become
follow-up planning TODOs scoped to the specific work units.
