# w4 — Compact provenance and trust/status table cells

Branch: feat/explorer-heatmap-provenance-compact
Develop tip at start: includes #303 + #304 + #305 + #309 (run-identity charts open).

w4 was deferred from the w2/w3 PR (#304) so the rebase cost was paid
once on top of the merged dynamic-sticky changes rather than during a
concurrent edit.

## Current state on develop tip

Post-#304 `QueryHeatmap.tsx` body cells:

- **Platform cell** (sticky-left, frozen): stacks four pieces — platform
  name, an inline "(unofficial)" compliance label when the row is not
  ranking-eligible, the `platform_version` on a second line, and a
  Receipt → link on a third line. Row height inflates to ~3 lines.
- **Trust cell** (sticky-left, frozen): TrustBadge + ValidationBadge.
  Has the breathing room to host a compact secondary action.
- **Score / Geomean cells** (sticky-left, frozen): single-value cells.

The Platform cell is the row-height driver.

## Defects vs the w0 review

- D1: Platform cell stacks identity + compliance + version + action.
- D2: Receipt action lives inside the most-frozen identity column,
  competing for vertical space with the metric cells across the rest
  of the row.

## Planned change for w4

1. Trim Platform cell to identity-only:
   - Top line: platform name, with the cohort-aware label that
     #309 introduced (when that PR lands; this PR uses the bare
     `row.platform` until then to avoid stomping #309's logic).
   - Compliance non-eligibility moves to a small `*` marker at the
     end of the platform name, with the full label exposed via the
     `title` tooltip. This keeps the visual cue without consuming a
     line.
   - Platform version stays on the second line when present.
2. Move the Receipt → link into the Trust cell, below the badges.
   The Trust cell already represents provenance, so the Receipt link
   is contextually adjacent. Keeps the Trust column inside the frozen
   region (per "must_preserve: Receipt/provenance access for every
   row.")
3. No structural changes to Score / Geomean cells.

Tests asserting "Receipt → link exists with href /results/r/<id>#run-receipt"
still pass — the link's accessible name and target stay the same; only
its parent cell changes.

## Manual route walk

- /results/tpch/?phase=power: Platform cell renders ~3 lines per row.
- Compliance label "(unofficial)" repeats per row and consumes
  horizontal width that pushes the version onto a second line even
  when both are short.
- Receipt → link visually competes with the platform identity.

## Verification commands

- `cd results-explorer && npm test -- --run src/components/__tests__/QueryHeatmap.test.tsx src/pages/__tests__/BenchmarkIndex.test.tsx`
- `cd results-explorer && npm run typecheck`
- `cd results-explorer && npm run build`
- Browser walks deferred to release-gate Playwright (TODO #8 w3).
